=== DISCOVERY ===
p=11: first hit in the restricted sparse template/search order
  L=52, A=9, B=2, scan_bound=500
  Good multipliers found: [11]
  N has 52 decimal digits
p=7: first hit in the restricted sparse template/search order
  L=152, A=5, B=11, scan_bound=1500
  Good multipliers found: [7]
  N has 152 decimal digits
DISCOVERY_SEARCH_OK
=== CERTIFICATES ===
Eight.lean: 7608 states, 4481 terminal states
Ten.lean: 1543 states, 690 terminal states
=== ARITHMETIC ===
digit partition coverage: {'mass5': 7, 'mass6': 11, 'mass8': 22, 'mass10': 41, 'mass8-high': 7, 'mass10-one-high': 17}
periodic normal-form exact checks: 846
N7 digits: 152
N11 digits: 52
profile rows: [(12, [9, 1], 12, 9), (13, [8, 2], 13, 7), (13, [8, 1, 1], 13, 5), (15, [7, 3], 15, 9), (15, [7, 2, 1], 15, 9), (15, [6, 4], 15, 9), (15, [6, 2, 2], 15, 9), (21, [7, 1, 1, 1], 21, 9), (21, [6, 1, 1, 1, 1], 21, 8), (21, [5, 2, 2, 1], 21, 9), (21, [5, 2, 1, 1, 1], 21, 9), (21, [5, 1, 1, 1, 1, 1], 21, 7), (22, [6, 3, 1], 22, 9), (22, [6, 2, 1, 1], 22, 7), (22, [5, 3, 1, 1], 22, 9)]
primary motif audits: [([6, 1, 1], 25, 20, ['16'], 168), ([5, 3], 25, 20, ['53'], 16), ([5, 2, 1], 25, 20, ['52', '12'], 168), ([5, 1, 1, 1], 45, 36, ['115'], 1344), ([5, 4, 1], 21, 21, ['54', '145'], 168), ([5, 3, 2], 21, 21, ['53'], 168)]
local obstruction offsets: {'8:52 secondary': [2], '8:12 secondary': [2], '8:115 secondary': [-1, 3], '10:54 secondary': [], '10:53 secondary': [2]}
N7 crossings: [(1, 9, -9, 714285, 73), (2, 9, -9, 428571, 46), (3, 9, -9, 142857, 19), (4, 9, -9, 857142, 92), (5, 9, -9, 571428, 65), (6, 9, -9, 285714, 38)]
N11 crossings: [(1, 22, 9, -9, 81, 82), (2, 22, 9, -18, 63, 64), (3, 21, 18, -9, 45, 46), (4, 21, 9, -9, 27, 28), (5, 21, 9, -9, 9, 10), (6, 21, 9, -9, 90, 92), (7, 21, 9, -9, 72, 74), (8, 21, 18, -18, 54, 56), (9, 21, 9, -9, 36, 38), (10, 21, 9, -9, 18, 20)]
finite sanity Good cases checked: 2738
AUDIT_OK
=== INFINITE ===
INFINITE_FAMILY_AUDIT_OK
7-family: M_0=25, M_{t+1}=10^6 M_t+925925; endpoints +(54t+9), -9
11-family: M_0=12219, M_{t+1}=100 M_t+319; common q=100^(t+2) crossings verified
=== STATIC LEAN ===
LEAN_MODULES=16
LOCAL_IMPORT_EDGES=23
MISSING_LOCAL_IMPORTS=0
IMPORT_CYCLES=0
FORBIDDEN_PLACEHOLDERS_OR_AXIOMS=0
TRUST_BYPASS_CONSTRUCTS=0
KERNEL_DECIDE_SITES=10
TOOLCHAIN_PIN=leanprover/lean4:v4.32.2
MATHLIB_PIN=v4.32.2
STATIC_LEAN_AUDIT_OK
