2026-08-19T03:26:27.4391221Z Current runner version: '2.336.0'
2026-08-19T03:26:27.4416992Z ##[group]Runner Image Provisioner
2026-08-19T03:26:27.4417947Z Hosted Compute Agent
2026-08-19T03:26:27.4418626Z Version: 20260729.566
2026-08-19T03:26:27.4419277Z Commit: cf7153fe6e25b664e8693c24944bf2b00355d109
2026-08-19T03:26:27.4419990Z Build Date: 2026-07-29T19:17:02Z
2026-08-19T03:26:27.4420843Z Worker ID: {19c0c028-39fa-407e-b5f3-71cdd7e07a55}
2026-08-19T03:26:27.4421577Z Azure Region: westus2
2026-08-19T03:26:27.4422188Z ##[endgroup]
2026-08-19T03:26:27.4423912Z ##[group]Operating System
2026-08-19T03:26:27.4424617Z Ubuntu
2026-08-19T03:26:27.4425265Z 24.04.4
2026-08-19T03:26:27.4425791Z LTS
2026-08-19T03:26:27.4426298Z ##[endgroup]
2026-08-19T03:26:27.4426969Z ##[group]Runner Image
2026-08-19T03:26:27.4427595Z Image: ubuntu-24.04
2026-08-19T03:26:27.4428271Z Version: 20260810.271.1
2026-08-19T03:26:27.4429555Z Included Software: https://github.com/actions/runner-images/blob/ubuntu24/20260810.271/images/ubuntu/Ubuntu2404-Readme.md
2026-08-19T03:26:27.4431121Z Image Release: https://github.com/actions/runner-images/releases/tag/ubuntu24%2F20260810.271
2026-08-19T03:26:27.4432083Z ##[endgroup]
2026-08-19T03:26:27.4434133Z ##[group]GITHUB_TOKEN Permissions
2026-08-19T03:26:27.4436379Z Contents: read
2026-08-19T03:26:27.4436971Z Metadata: read
2026-08-19T03:26:27.4437646Z Packages: read
2026-08-19T03:26:27.4438222Z ##[endgroup]
2026-08-19T03:26:27.4440403Z Secret source: Actions
2026-08-19T03:26:27.4441507Z Prepare workflow directory
2026-08-19T03:26:27.4779963Z Prepare all required actions
2026-08-19T03:26:27.4854409Z Getting action download info
2026-08-19T03:26:27.8753461Z Download action repository 'actions/checkout@v4' (SHA:11d5960a326750d5838078e36cf38b85af677262)
2026-08-19T03:26:28.0231011Z Download action repository 'leanprover/lean-action@v1' (SHA:38fbc41a8c28c4cbaec22d7f7de508ec2e7c0dd9)
2026-08-19T03:26:28.3104734Z Getting action download info
2026-08-19T03:26:28.4362418Z Download action repository 'actions/cache@v5' (SHA:caa296126883cff596d87d8935842f9db880ef25)
2026-08-19T03:26:28.6020061Z Complete job name: build
2026-08-19T03:26:28.6846372Z Node 20 is being deprecated. This workflow is running with Node 24 by default. If you need to temporarily use Node 20, you can set the ACTIONS_ALLOW_USE_UNSECURE_NODE_VERSION=true environment variable. For more information see: https://github.blog/changelog/2025-09-19-deprecation-of-node-20-on-github-actions-runners/
2026-08-19T03:26:28.6855635Z ##[group]Run actions/checkout@v4
2026-08-19T03:26:28.6856467Z with:
2026-08-19T03:26:28.6856956Z   repository: lightninnng/A277223
2026-08-19T03:26:28.6861031Z   token: ***
2026-08-19T03:26:28.6861508Z   ssh-strict: true
2026-08-19T03:26:28.6861989Z   ssh-user: git
2026-08-19T03:26:28.6862476Z   persist-credentials: true
2026-08-19T03:26:28.6863007Z   clean: true
2026-08-19T03:26:28.6863493Z   sparse-checkout-cone-mode: true
2026-08-19T03:26:28.6864283Z   fetch-depth: 1
2026-08-19T03:26:28.6864767Z   fetch-tags: false
2026-08-19T03:26:28.6865253Z   show-progress: true
2026-08-19T03:26:28.6865767Z   lfs: false
2026-08-19T03:26:28.6866258Z   submodules: false
2026-08-19T03:26:28.6866741Z   set-safe-directory: true
2026-08-19T03:26:28.6867280Z   allow-unsafe-pr-checkout: false
2026-08-19T03:26:28.6868273Z ##[endgroup]
2026-08-19T03:26:28.7991715Z Syncing repository: lightninnng/A277223
2026-08-19T03:26:28.7995365Z ##[group]Getting Git version info
2026-08-19T03:26:28.7996971Z Working directory is '/home/runner/work/A277223/A277223'
2026-08-19T03:26:28.8028241Z [command]/usr/bin/git version
2026-08-19T03:26:28.8215338Z git version 2.54.0
2026-08-19T03:26:28.8288906Z ##[endgroup]
2026-08-19T03:26:28.8311662Z Temporarily overriding HOME='/home/runner/work/_temp/00f58531-e2cb-4536-9590-e8ff00b48290' before making global git config changes
2026-08-19T03:26:28.8324169Z Adding repository directory to the temporary git global config as a safe directory
2026-08-19T03:26:28.8333113Z [command]/usr/bin/git config --global --add safe.directory /home/runner/work/A277223/A277223
2026-08-19T03:26:28.8384826Z Deleting the contents of '/home/runner/work/A277223/A277223'
2026-08-19T03:26:28.8387009Z ##[group]Initializing the repository
2026-08-19T03:26:28.8388126Z [command]/usr/bin/git init /home/runner/work/A277223/A277223
2026-08-19T03:26:28.8498300Z hint: Using 'master' as the name for the initial branch. This default branch name
2026-08-19T03:26:28.8524438Z hint: will change to "main" in Git 3.0. To configure the initial branch name
2026-08-19T03:26:28.8526411Z hint: to use in all of your new repositories, which will suppress this warning,
2026-08-19T03:26:28.8527841Z hint: call:
2026-08-19T03:26:28.8528664Z hint:
2026-08-19T03:26:28.8529725Z hint: 	git config --global init.defaultBranch <name>
2026-08-19T03:26:28.8531013Z hint:
2026-08-19T03:26:28.8532186Z hint: Names commonly chosen instead of 'master' are 'main', 'trunk' and
2026-08-19T03:26:28.8534291Z hint: 'development'. The just-created branch can be renamed via this command:
2026-08-19T03:26:28.8535778Z hint:
2026-08-19T03:26:28.8536715Z hint: 	git branch -m <name>
2026-08-19T03:26:28.8537805Z hint:
2026-08-19T03:26:28.8539147Z hint: Disable this message with "git config set advice.defaultBranchName false"
2026-08-19T03:26:28.8541151Z Initialized empty Git repository in /home/runner/work/A277223/A277223/.git/
2026-08-19T03:26:28.8545072Z [command]/usr/bin/git remote add origin https://github.com/lightninnng/A277223
2026-08-19T03:26:28.8639647Z ##[endgroup]
2026-08-19T03:26:28.8641371Z ##[group]Disabling automatic garbage collection
2026-08-19T03:26:28.8664751Z [command]/usr/bin/git config --local gc.auto 0
2026-08-19T03:26:28.8712061Z ##[endgroup]
2026-08-19T03:26:28.8727385Z ##[group]Setting up auth
2026-08-19T03:26:28.8734932Z [command]/usr/bin/git config --local --name-only --get-regexp core\.sshCommand
2026-08-19T03:26:28.8783075Z [command]/usr/bin/git submodule foreach --recursive sh -c "git config --local --name-only --get-regexp 'core\.sshCommand' && git config --local --unset-all 'core.sshCommand' || :"
2026-08-19T03:26:28.9327072Z [command]/usr/bin/git config --local --name-only --get-regexp http\.https\:\/\/github\.com\/\.extraheader
2026-08-19T03:26:28.9367380Z [command]/usr/bin/git submodule foreach --recursive sh -c "git config --local --name-only --get-regexp 'http\.https\:\/\/github\.com\/\.extraheader' && git config --local --unset-all 'http.https://github.com/.extraheader' || :"
2026-08-19T03:26:28.9612691Z [command]/usr/bin/git config --local --name-only --get-regexp ^includeIf\.gitdir:
2026-08-19T03:26:28.9725234Z [command]/usr/bin/git submodule foreach --recursive git config --local --show-origin --name-only --get-regexp remote.origin.url
2026-08-19T03:26:28.9944765Z [command]/usr/bin/git config --local http.https://github.com/.extraheader AUTHORIZATION: basic ***
2026-08-19T03:26:28.9987423Z ##[endgroup]
2026-08-19T03:26:28.9989968Z ##[group]Fetching the repository
2026-08-19T03:26:28.9999898Z [command]/usr/bin/git -c protocol.version=2 fetch --no-tags --prune --no-recurse-submodules --depth=1 origin +2fc7fab2f590b39960c2a0a256b110c177fae6a1:refs/remotes/origin/main
2026-08-19T03:26:29.7274480Z From https://github.com/lightninnng/A277223
2026-08-19T03:26:29.7426633Z  * [new ref]         2fc7fab2f590b39960c2a0a256b110c177fae6a1 -> origin/main
2026-08-19T03:26:29.7432618Z ##[endgroup]
2026-08-19T03:26:29.7435665Z ##[group]Determining the checkout info
2026-08-19T03:26:29.7440671Z ##[endgroup]
2026-08-19T03:26:29.7442814Z [command]/usr/bin/git sparse-checkout disable
2026-08-19T03:26:29.7448967Z [command]/usr/bin/git config --local --unset-all extensions.worktreeConfig
2026-08-19T03:26:29.7462415Z ##[group]Checking out the ref
2026-08-19T03:26:29.7467904Z [command]/usr/bin/git checkout --progress --force -B main refs/remotes/origin/main
2026-08-19T03:26:29.7942039Z Switched to a new branch 'main'
2026-08-19T03:26:29.7948948Z branch 'main' set up to track 'origin/main'.
2026-08-19T03:26:29.7965931Z ##[endgroup]
2026-08-19T03:26:29.8016059Z [command]/usr/bin/git log -1 --format=%H
2026-08-19T03:26:29.8046901Z 2fc7fab2f590b39960c2a0a256b110c177fae6a1
2026-08-19T03:26:29.8407709Z ##[group]Run python3 scripts/generate_carry_certificates.py
2026-08-19T03:26:29.8410703Z [36;1mpython3 scripts/generate_carry_certificates.py[0m
2026-08-19T03:26:29.8413167Z [36;1mgit diff --exit-code -- \[0m
2026-08-19T03:26:29.8415499Z [36;1m  A277223/CarryObstruction/Eight.lean \[0m
2026-08-19T03:26:29.8417832Z [36;1m  A277223/CarryObstruction/Ten.lean[0m
2026-08-19T03:26:29.8485869Z shell: /usr/bin/bash -e {0}
2026-08-19T03:26:29.8487671Z ##[endgroup]
2026-08-19T03:26:30.5424599Z Eight.lean: 7608 states, 4481 terminal states
2026-08-19T03:26:30.5427726Z Ten.lean: 1543 states, 690 terminal states
2026-08-19T03:26:30.5997445Z ##[group]Run python3 scripts/arithmetic_audit.py
2026-08-19T03:26:30.5999022Z [36;1mpython3 scripts/arithmetic_audit.py[0m
2026-08-19T03:26:30.6000491Z [36;1mpython3 scripts/infinite_family_audit.py[0m
2026-08-19T03:26:30.6041357Z shell: /usr/bin/bash -e {0}
2026-08-19T03:26:30.6042441Z ##[endgroup]
2026-08-19T03:26:32.1622828Z digit partition coverage: {'mass5': 7, 'mass6': 11, 'mass8': 22, 'mass10': 41, 'mass8-high': 7, 'mass10-one-high': 17}
2026-08-19T03:26:32.1624341Z periodic normal-form exact checks: 846
2026-08-19T03:26:32.1625133Z N7 digits: 152
2026-08-19T03:26:32.1644316Z N11 digits: 52
2026-08-19T03:26:32.1664175Z profile rows: [(12, [9, 1], 12, 9), (13, [8, 2], 13, 7), (13, [8, 1, 1], 13, 5), (15, [7, 3], 15, 9), (15, [7, 2, 1], 15, 9), (15, [6, 4], 15, 9), (15, [6, 2, 2], 15, 9), (21, [7, 1, 1, 1], 21, 9), (21, [6, 1, 1, 1, 1], 21, 8), (21, [5, 2, 2, 1], 21, 9), (21, [5, 2, 1, 1, 1], 21, 9), (21, [5, 1, 1, 1, 1, 1], 21, 7), (22, [6, 3, 1], 22, 9), (22, [6, 2, 1, 1], 22, 7), (22, [5, 3, 1, 1], 22, 9)]
2026-08-19T03:26:32.1675070Z primary motif audits: [([6, 1, 1], 25, 20, ['16'], 168), ([5, 3], 25, 20, ['53'], 16), ([5, 2, 1], 25, 20, ['52', '12'], 168), ([5, 1, 1, 1], 45, 36, ['115'], 1344), ([5, 4, 1], 21, 21, ['54', '145'], 168), ([5, 3, 2], 21, 21, ['53'], 168)]
2026-08-19T03:26:32.1684748Z local obstruction offsets: {'8:52 secondary': [2], '8:12 secondary': [2], '8:115 secondary': [-1, 3], '10:54 secondary': [], '10:53 secondary': [2]}
2026-08-19T03:26:32.1694930Z N7 crossings: [(1, 9, -9, 714285, 73), (2, 9, -9, 428571, 46), (3, 9, -9, 142857, 19), (4, 9, -9, 857142, 92), (5, 9, -9, 571428, 65), (6, 9, -9, 285714, 38)]
2026-08-19T03:26:32.1696838Z N11 crossings: [(1, 22, 9, -9, 81, 82), (2, 22, 9, -18, 63, 64), (3, 21, 18, -9, 45, 46), (4, 21, 9, -9, 27, 28), (5, 21, 9, -9, 9, 10), (6, 21, 9, -9, 90, 92), (7, 21, 9, -9, 72, 74), (8, 21, 18, -18, 54, 56), (9, 21, 9, -9, 36, 38), (10, 21, 9, -9, 18, 20)]
2026-08-19T03:26:32.1698422Z finite sanity Good cases checked: 2738
2026-08-19T03:26:32.1704158Z AUDIT_OK
2026-08-19T03:26:32.4811375Z INFINITE_FAMILY_AUDIT_OK
2026-08-19T03:26:32.4812197Z 7-family: M_0=25, M_{t+1}=10^6 M_t+925925; endpoints +(54t+9), -9
2026-08-19T03:26:32.4814816Z 11-family: M_0=12219, M_{t+1}=100 M_t+319; common q=100^(t+2) crossings verified
2026-08-19T03:26:32.4887050Z ##[group]Run python3 scripts/static_lean_audit.py
2026-08-19T03:26:32.4887464Z [36;1mpython3 scripts/static_lean_audit.py[0m
2026-08-19T03:26:32.4922955Z shell: /usr/bin/bash -e {0}
2026-08-19T03:26:32.4923209Z ##[endgroup]
2026-08-19T03:26:32.5938510Z LEAN_MODULES=18
2026-08-19T03:26:32.5939376Z LOCAL_IMPORT_EDGES=25
2026-08-19T03:26:32.5940287Z MISSING_LOCAL_IMPORTS=0
2026-08-19T03:26:32.5940916Z IMPORT_CYCLES=0
2026-08-19T03:26:32.5941788Z FORBIDDEN_PLACEHOLDERS_OR_AXIOMS=0
2026-08-19T03:26:32.5942533Z TRUST_BYPASS_CONSTRUCTS=0
2026-08-19T03:26:32.5943400Z KERNEL_DECIDE_SITES=24
2026-08-19T03:26:32.5945949Z TOOLCHAIN_PIN=leanprover/lean4:v4.32.2
2026-08-19T03:26:32.5946437Z MATHLIB_PIN=v4.32.2
2026-08-19T03:26:32.5946799Z STATIC_LEAN_AUDIT_OK
2026-08-19T03:26:32.6015079Z ##[group]Run if grep -R -n -E '(^|[^A-Za-z])(sorry|admit|axiom)([^A-Za-z]|$)' A277223 --include='*.lean'; then
2026-08-19T03:26:32.6015808Z [36;1mif grep -R -n -E '(^|[^A-Za-z])(sorry|admit|axiom)([^A-Za-z]|$)' A277223 --include='*.lean'; then[0m
2026-08-19T03:26:32.6016515Z [36;1m  echo 'Forbidden proof placeholder/custom axiom found.'[0m
2026-08-19T03:26:32.6016852Z [36;1m  exit 1[0m
2026-08-19T03:26:32.6017040Z [36;1mfi[0m
2026-08-19T03:26:32.6053016Z shell: /usr/bin/bash -e {0}
2026-08-19T03:26:32.6053468Z ##[endgroup]
2026-08-19T03:26:32.6245899Z ##[group]Run grep -Fx 'leanprover/lean4:v4.32.2' lean-toolchain
2026-08-19T03:26:32.6246727Z [36;1mgrep -Fx 'leanprover/lean4:v4.32.2' lean-toolchain[0m
2026-08-19T03:26:32.6247383Z [36;1mgrep -F 'rev = "v4.32.2"' lakefile.toml[0m
2026-08-19T03:26:32.6299518Z shell: /usr/bin/bash -e {0}
2026-08-19T03:26:32.6299948Z ##[endgroup]
2026-08-19T03:26:32.6419965Z leanprover/lean4:v4.32.2
2026-08-19T03:26:32.6420448Z rev = "v4.32.2"
2026-08-19T03:26:32.6448196Z ##[group]Run curl -L https://raw.githubusercontent.com/leanprover/elan/master/elan-init.sh -o elan-init.sh
2026-08-19T03:26:32.6448981Z [36;1mcurl -L https://raw.githubusercontent.com/leanprover/elan/master/elan-init.sh -o elan-init.sh[0m
2026-08-19T03:26:32.6449539Z [36;1msh elan-init.sh -y --default-toolchain none[0m
2026-08-19T03:26:32.6449877Z [36;1mecho "$HOME/.elan/bin" >> $GITHUB_PATH[0m
2026-08-19T03:26:32.6483972Z shell: /usr/bin/bash -e {0}
2026-08-19T03:26:32.6484227Z ##[endgroup]
2026-08-19T03:26:32.6615670Z   % Total    % Received % Xferd  Average Speed   Time    Time     Time  Current
2026-08-19T03:26:32.6616938Z                                  Dload  Upload   Total   Spent    Left  Speed
2026-08-19T03:26:32.6618034Z 
2026-08-19T03:26:32.6991030Z   0     0    0     0    0     0      0      0 --:--:-- --:--:-- --:--:--     0
2026-08-19T03:26:32.6992264Z 100  9823  100  9823    0     0   253k      0 --:--:-- --:--:-- --:--:--  259k
2026-08-19T03:26:32.7104315Z info: downloading installer
2026-08-19T03:26:33.2419441Z ##[group]Run lake exe cache get
2026-08-19T03:26:33.2419758Z [36;1mlake exe cache get[0m
2026-08-19T03:26:33.2458212Z shell: /usr/bin/bash -e {0}
2026-08-19T03:26:33.2458464Z ##[endgroup]
2026-08-19T03:26:34.0584123Z info: downloading https://releases.lean-lang.org/lean4/v4.32.2/lean-4.32.2-linux.tar.zst
2026-08-19T03:26:38.9422959Z info: installing /home/runner/.elan/toolchains/leanprover--lean4---v4.32.2
2026-08-19T03:26:49.6875042Z info: mathlib: cloning https://github.com/leanprover-community/mathlib4
2026-08-19T03:27:35.9422071Z info: mathlib: checking out revision '905b95818eb32af7874a58b427f50c1711a5e96c'
2026-08-19T03:27:38.1733413Z info: plausible: cloning https://github.com/leanprover-community/plausible
2026-08-19T03:27:38.6458943Z info: plausible: checking out revision 'e12c1910fe855cbfc38803cd4e55543906d5fa62'
2026-08-19T03:27:38.6569851Z info: LeanSearchClient: cloning https://github.com/leanprover-community/LeanSearchClient
2026-08-19T03:27:39.1105001Z info: LeanSearchClient: checking out revision 'c5d5b8fe6e5158def25cd28eb94e4141ad97c843'
2026-08-19T03:27:39.1209781Z info: importGraph: cloning https://github.com/leanprover-community/import-graph
2026-08-19T03:27:40.1128640Z info: importGraph: checking out revision '7e9612bf0b9ee66db3cb5b9988a35afc706f5a12'
2026-08-19T03:27:40.1252403Z info: proofwidgets: cloning https://github.com/leanprover-community/ProofWidgets4
2026-08-19T03:27:41.0062319Z info: proofwidgets: checking out revision '6e311e2a844da9b2cc3971187df2fe0066947b93'
2026-08-19T03:27:41.7039041Z info: aesop: cloning https://github.com/leanprover-community/aesop
2026-08-19T03:27:42.5740485Z info: aesop: checking out revision 'a7dbf0c63b694e47f425f3dcddbc0e178bb432d3'
2026-08-19T03:27:42.5934508Z info: Qq: cloning https://github.com/leanprover-community/quote4
2026-08-19T03:27:43.0728623Z info: Qq: checking out revision '38d591e778f100aec9762bb582f9c7f55f50e9dc'
2026-08-19T03:27:43.0841728Z info: batteries: cloning https://github.com/leanprover-community/batteries
2026-08-19T03:27:52.6750649Z info: batteries: checking out revision '023ce7d62a0531e22a5331e20b587817a80d49ff'
2026-08-19T03:27:52.7005470Z info: Cli: cloning https://github.com/leanprover/lean4-cli
2026-08-19T03:27:53.2107445Z info: Cli: checking out revision '88679d088c9720c27ebdf2ba4dafe17341747f94'
2026-08-19T03:27:54.1255047Z ✔ [2/11] Built Cache.Cli (328ms)
2026-08-19T03:27:54.6242153Z ✔ [5/12] Built Cache.Lean (563ms)
2026-08-19T03:27:55.2258348Z ✔ [7/27] Built Cache.Infra (588ms)
2026-08-19T03:27:55.4284117Z ✔ [8/27] Built Cache.Cli:c.o (213ms)
2026-08-19T03:27:55.6274895Z ✔ [9/27] Built Batteries.Tactic.OpenPrivate (1.6s)
2026-08-19T03:27:55.7275165Z ✔ [10/27] Built Cache.Lean:c.o (237ms)
2026-08-19T03:27:56.0275927Z ✔ [11/27] Built Cache.Infra:c.o (367ms)
2026-08-19T03:27:57.9366824Z ✔ [12/27] Built Batteries.Tactic.OpenPrivate:c.o (2.2s)
2026-08-19T03:27:58.3384861Z ✔ [13/27] Built Cache.IO (2.3s)
2026-08-19T03:27:59.8435046Z ✔ [14/27] Built Cache.Hashing (1.4s)
2026-08-19T03:28:00.5444810Z ✔ [15/27] Built Cache.Hashing:c.o (711ms)
2026-08-19T03:28:00.9448933Z ✔ [16/27] Built Cache.IO:c.o (2.6s)
2026-08-19T03:28:03.0544893Z ✔ [17/27] Built Cache.Requests (2.5s)
2026-08-19T03:28:03.9544956Z ✔ [18/27] Built Cache.Marker (902ms)
2026-08-19T03:28:04.1565153Z ✔ [19/27] Built Cache.Marker:c.o (207ms)
2026-08-19T03:28:05.3758981Z ✔ [20/27] Built Cache.Query (1.2s)
2026-08-19T03:28:05.8885870Z ✔ [21/27] Built Cache.Query:c.o (519ms)
2026-08-19T03:28:06.9624811Z ✔ [22/27] Built Cache.Warning (1.1s)
2026-08-19T03:28:07.3624940Z ✔ [23/27] Built Cache.Warning:c.o (432ms)
2026-08-19T03:28:07.8798953Z ✔ [24/27] Built Cache.Requests:c.o (4.8s)
2026-08-19T03:28:09.2634889Z ✔ [25/27] Built Cache.Main (1.8s)
2026-08-19T03:28:10.2650726Z ✔ [26/27] Built Cache.Main:c.o (975ms)
2026-08-19T03:28:11.0675188Z ✔ [27/27] Built cache:exe (897ms)
2026-08-19T03:28:13.9942825Z Current branch: HEAD
2026-08-19T03:28:13.9943818Z Using cache from origin: (some leanprover-community/mathlib4)
2026-08-19T03:28:13.9958227Z Attempting to download 8639 file(s) from leanprover-community/mathlib4 cache at https://lakecache.blob.core.windows.net/mathlib4-master
2026-08-19T03:28:15.2378703Z 
2026-08-19T03:28:15.3412171Z Downloaded: 0 file(s) [attempted 1/8639 = 0%, 0 KB/s], Decompressed: 0
2026-08-19T03:28:15.4579787Z Downloaded: 0 file(s) [attempted 99/8639 = 1%, 5 KB/s], Decompressed: 0
2026-08-19T03:28:15.5741428Z Downloaded: 0 file(s) [attempted 250/8639 = 2%, 5 KB/s], Decompressed: 0
2026-08-19T03:28:15.6883036Z Downloaded: 0 file(s) [attempted 401/8639 = 4%, 5 KB/s], Decompressed: 0
2026-08-19T03:28:15.7899302Z Downloaded: 0 file(s) [attempted 549/8639 = 6%, 5 KB/s], Decompressed: 0
2026-08-19T03:28:15.8915531Z Downloaded: 0 file(s) [attempted 695/8639 = 8%, 5 KB/s], Decompressed: 0
2026-08-19T03:28:15.9910250Z Downloaded: 0 file(s) [attempted 810/8639 = 9%, 5 KB/s], Decompressed: 0
2026-08-19T03:28:16.0910852Z Downloaded: 0 file(s) [attempted 947/8639 = 10%, 5 KB/s], Decompressed: 0
2026-08-19T03:28:16.1919147Z Downloaded: 0 file(s) [attempted 1069/8639 = 12%, 5 KB/s], Decompressed: 0
2026-08-19T03:28:16.2932273Z Downloaded: 0 file(s) [attempted 1200/8639 = 13%, 5 KB/s], Decompressed: 0
2026-08-19T03:28:16.3929503Z Downloaded: 0 file(s) [attempted 1339/8639 = 15%, 5 KB/s], Decompressed: 0
2026-08-19T03:28:16.4978892Z Downloaded: 0 file(s) [attempted 1459/8639 = 16%, 5 KB/s], Decompressed: 0
2026-08-19T03:28:16.5981542Z Downloaded: 0 file(s) [attempted 1595/8639 = 18%, 5 KB/s], Decompressed: 0
2026-08-19T03:28:16.7002751Z Downloaded: 0 file(s) [attempted 1722/8639 = 19%, 5 KB/s], Decompressed: 0
2026-08-19T03:28:16.8003361Z Downloaded: 0 file(s) [attempted 1851/8639 = 21%, 5 KB/s], Decompressed: 0
2026-08-19T03:28:16.8996996Z Downloaded: 0 file(s) [attempted 1990/8639 = 23%, 5 KB/s], Decompressed: 0
2026-08-19T03:28:17.0030738Z Downloaded: 0 file(s) [attempted 2113/8639 = 24%, 5 KB/s], Decompressed: 0
2026-08-19T03:28:17.1029892Z Downloaded: 0 file(s) [attempted 2246/8639 = 25%, 5 KB/s], Decompressed: 0
2026-08-19T03:28:17.2034265Z Downloaded: 0 file(s) [attempted 2373/8639 = 27%, 5 KB/s], Decompressed: 0
2026-08-19T03:28:17.3038260Z Downloaded: 0 file(s) [attempted 2502/8639 = 28%, 5 KB/s], Decompressed: 0
2026-08-19T03:28:17.4045668Z Downloaded: 0 file(s) [attempted 2636/8639 = 30%, 5 KB/s], Decompressed: 0
2026-08-19T03:28:17.5070667Z Downloaded: 0 file(s) [attempted 2763/8639 = 31%, 5 KB/s], Decompressed: 0
2026-08-19T03:28:17.6066987Z Downloaded: 0 file(s) [attempted 2895/8639 = 33%, 5 KB/s], Decompressed: 0
2026-08-19T03:28:17.7081306Z Downloaded: 0 file(s) [attempted 3029/8639 = 35%, 5 KB/s], Decompressed: 0
2026-08-19T03:28:17.8084317Z Downloaded: 0 file(s) [attempted 3153/8639 = 36%, 5 KB/s], Decompressed: 0
2026-08-19T03:28:17.9096709Z Downloaded: 0 file(s) [attempted 3287/8639 = 38%, 4 KB/s], Decompressed: 0
2026-08-19T03:28:18.0138626Z Downloaded: 0 file(s) [attempted 3417/8639 = 39%, 5 KB/s], Decompressed: 0
2026-08-19T03:28:18.1139767Z Downloaded: 0 file(s) [attempted 3548/8639 = 41%, 5 KB/s], Decompressed: 0
2026-08-19T03:28:18.2164400Z Downloaded: 0 file(s) [attempted 3678/8639 = 42%, 5 KB/s], Decompressed: 0
2026-08-19T03:28:18.3177009Z Downloaded: 0 file(s) [attempted 3805/8639 = 44%, 5 KB/s], Decompressed: 0
2026-08-19T03:28:18.4202309Z Downloaded: 0 file(s) [attempted 3941/8639 = 45%, 5 KB/s], Decompressed: 0
2026-08-19T03:28:18.5205519Z Downloaded: 0 file(s) [attempted 4075/8639 = 47%, 5 KB/s], Decompressed: 0
2026-08-19T03:28:18.6207239Z Downloaded: 0 file(s) [attempted 4197/8639 = 48%, 5 KB/s], Decompressed: 0
2026-08-19T03:28:18.7225812Z Downloaded: 0 file(s) [attempted 4333/8639 = 50%, 5 KB/s], Decompressed: 0
2026-08-19T03:28:18.8215489Z Downloaded: 0 file(s) [attempted 4456/8639 = 51%, 5 KB/s], Decompressed: 0
2026-08-19T03:28:18.9218259Z Downloaded: 0 file(s) [attempted 4585/8639 = 53%, 5 KB/s], Decompressed: 0
2026-08-19T03:28:19.0230633Z Downloaded: 0 file(s) [attempted 4721/8639 = 54%, 5 KB/s], Decompressed: 0
2026-08-19T03:28:19.1255464Z Downloaded: 0 file(s) [attempted 4846/8639 = 56%, 5 KB/s], Decompressed: 0
2026-08-19T03:28:19.2268505Z Downloaded: 0 file(s) [attempted 4977/8639 = 57%, 5 KB/s], Decompressed: 0
2026-08-19T03:28:19.3269047Z Downloaded: 0 file(s) [attempted 5107/8639 = 59%, 5 KB/s], Decompressed: 0
2026-08-19T03:28:19.4286742Z Downloaded: 0 file(s) [attempted 5236/8639 = 60%, 5 KB/s], Decompressed: 0
2026-08-19T03:28:19.5292403Z Downloaded: 0 file(s) [attempted 5365/8639 = 62%, 5 KB/s], Decompressed: 0
2026-08-19T03:28:19.6295215Z Downloaded: 0 file(s) [attempted 5494/8639 = 63%, 5 KB/s], Decompressed: 0
2026-08-19T03:28:19.7298273Z Downloaded: 0 file(s) [attempted 5626/8639 = 65%, 5 KB/s], Decompressed: 0
2026-08-19T03:28:19.8299566Z Downloaded: 0 file(s) [attempted 5753/8639 = 66%, 5 KB/s], Decompressed: 0
2026-08-19T03:28:19.9311944Z Downloaded: 0 file(s) [attempted 5884/8639 = 68%, 5 KB/s], Decompressed: 0
2026-08-19T03:28:20.0312257Z Downloaded: 0 file(s) [attempted 6014/8639 = 69%, 5 KB/s], Decompressed: 0
2026-08-19T03:28:20.1306760Z Downloaded: 0 file(s) [attempted 6143/8639 = 71%, 5 KB/s], Decompressed: 0
2026-08-19T03:28:20.2307509Z Downloaded: 0 file(s) [attempted 6272/8639 = 72%, 5 KB/s], Decompressed: 0
2026-08-19T03:28:20.3318907Z Downloaded: 0 file(s) [attempted 6397/8639 = 74%, 5 KB/s], Decompressed: 0
2026-08-19T03:28:20.4330730Z Downloaded: 0 file(s) [attempted 6528/8639 = 75%, 5 KB/s], Decompressed: 0
2026-08-19T03:28:20.5345198Z Downloaded: 0 file(s) [attempted 6658/8639 = 77%, 5 KB/s], Decompressed: 0
2026-08-19T03:28:20.6342948Z Downloaded: 0 file(s) [attempted 6787/8639 = 78%, 5 KB/s], Decompressed: 0
2026-08-19T03:28:20.7343530Z Downloaded: 0 file(s) [attempted 6914/8639 = 80%, 5 KB/s], Decompressed: 0
2026-08-19T03:28:20.8352031Z Downloaded: 0 file(s) [attempted 7041/8639 = 81%, 5 KB/s], Decompressed: 0
2026-08-19T03:28:20.9353091Z Downloaded: 0 file(s) [attempted 7172/8639 = 83%, 5 KB/s], Decompressed: 0
2026-08-19T03:28:21.0358167Z Downloaded: 0 file(s) [attempted 7302/8639 = 84%, 5 KB/s], Decompressed: 0
2026-08-19T03:28:21.1354717Z Downloaded: 0 file(s) [attempted 7426/8639 = 85%, 5 KB/s], Decompressed: 0
2026-08-19T03:28:21.2348174Z Downloaded: 0 file(s) [attempted 7555/8639 = 87%, 5 KB/s], Decompressed: 0
2026-08-19T03:28:21.3382362Z Downloaded: 0 file(s) [attempted 7680/8639 = 88%, 5 KB/s], Decompressed: 0
2026-08-19T03:28:21.4381030Z Downloaded: 0 file(s) [attempted 7814/8639 = 90%, 5 KB/s], Decompressed: 0
2026-08-19T03:28:21.5394714Z Downloaded: 0 file(s) [attempted 7943/8639 = 91%, 5 KB/s], Decompressed: 0
2026-08-19T03:28:21.6396561Z Downloaded: 0 file(s) [attempted 8070/8639 = 93%, 5 KB/s], Decompressed: 0
2026-08-19T03:28:21.7389111Z Downloaded: 0 file(s) [attempted 8199/8639 = 94%, 5 KB/s], Decompressed: 0
2026-08-19T03:28:21.8391384Z Downloaded: 0 file(s) [attempted 8324/8639 = 96%, 5 KB/s], Decompressed: 0
2026-08-19T03:28:21.9389512Z Downloaded: 0 file(s) [attempted 8456/8639 = 97%, 5 KB/s], Decompressed: 0
2026-08-19T03:28:22.0253955Z Downloaded: 0 file(s) [attempted 8580/8639 = 99%, 5 KB/s], Decompressed: 0
2026-08-19T03:28:22.0259097Z Downloaded: 0 file(s) [attempted 8639/8639 = 100%, 5 KB/s], Decompressed: 0
2026-08-19T03:28:22.0554751Z Attempting to download 8639 file(s) from leanprover-community/mathlib4 cache at https://lakecache.blob.core.windows.net/mathlib4
2026-08-19T03:28:23.3084026Z 
2026-08-19T03:28:23.4112215Z Downloaded: 1 file(s) [attempted 1/8639 = 0%, 14 KB/s], Decompressed: 0
2026-08-19T03:28:23.5099529Z Downloaded: 72 file(s) [attempted 72/8639 = 0%, 1662 KB/s], Decompressed: 12
2026-08-19T03:28:23.6120949Z Downloaded: 141 file(s) [attempted 141/8639 = 1%, 241 KB/s], Decompressed: 12
2026-08-19T03:28:23.7135186Z Downloaded: 226 file(s) [attempted 226/8639 = 2%, 674 KB/s], Decompressed: 46
2026-08-19T03:28:23.8146188Z Downloaded: 323 file(s) [attempted 323/8639 = 3%, 327 KB/s], Decompressed: 46
2026-08-19T03:28:23.9154870Z Downloaded: 420 file(s) [attempted 420/8639 = 4%, 2242 KB/s], Decompressed: 46
2026-08-19T03:28:24.0224851Z Downloaded: 525 file(s) [attempted 525/8639 = 6%, 185 KB/s], Decompressed: 46
2026-08-19T03:28:24.1254987Z Downloaded: 634 file(s) [attempted 634/8639 = 7%, 642 KB/s], Decompressed: 46
2026-08-19T03:28:24.2299973Z Downloaded: 755 file(s) [attempted 755/8639 = 8%, 1101 KB/s], Decompressed: 46
2026-08-19T03:28:24.3316764Z Downloaded: 864 file(s) [attempted 864/8639 = 10%, 182 KB/s], Decompressed: 46
2026-08-19T03:28:24.4354101Z Downloaded: 952 file(s) [attempted 952/8639 = 11%, 648 KB/s], Decompressed: 46
2026-08-19T03:28:24.5383897Z Downloaded: 1042 file(s) [attempted 1042/8639 = 12%, 772 KB/s], Decompressed: 46
2026-08-19T03:28:24.6405088Z Downloaded: 1134 file(s) [attempted 1134/8639 = 13%, 912 KB/s], Decompressed: 46
2026-08-19T03:28:24.7465071Z Downloaded: 1208 file(s) [attempted 1208/8639 = 13%, 2816 KB/s], Decompressed: 205
2026-08-19T03:28:24.8486153Z Downloaded: 1307 file(s) [attempted 1307/8639 = 15%, 422 KB/s], Decompressed: 205
2026-08-19T03:28:24.9526572Z Downloaded: 1407 file(s) [attempted 1407/8639 = 16%, 622 KB/s], Decompressed: 205
2026-08-19T03:28:25.0715127Z Downloaded: 1459 file(s) [attempted 1459/8639 = 16%, 193 KB/s], Decompressed: 205
2026-08-19T03:28:25.1864928Z Downloaded: 1558 file(s) [attempted 1558/8639 = 18%, 359 KB/s], Decompressed: 205
2026-08-19T03:28:25.2866468Z Downloaded: 1660 file(s) [attempted 1660/8639 = 19%, 3180 KB/s], Decompressed: 205
2026-08-19T03:28:25.3875027Z Downloaded: 1731 file(s) [attempted 1731/8639 = 20%, 781 KB/s], Decompressed: 205
2026-08-19T03:28:25.4904417Z Downloaded: 1815 file(s) [attempted 1815/8639 = 21%, 853 KB/s], Decompressed: 205
2026-08-19T03:28:25.5942196Z Downloaded: 1880 file(s) [attempted 1880/8639 = 21%, 1435 KB/s], Decompressed: 205
2026-08-19T03:28:25.7084959Z Downloaded: 1968 file(s) [attempted 1968/8639 = 22%, 777 KB/s], Decompressed: 205
2026-08-19T03:28:25.8115059Z Downloaded: 2067 file(s) [attempted 2067/8639 = 23%, 307 KB/s], Decompressed: 205
2026-08-19T03:28:25.9270241Z Downloaded: 2149 file(s) [attempted 2149/8639 = 24%, 227 KB/s], Decompressed: 205
2026-08-19T03:28:26.0337583Z Downloaded: 2224 file(s) [attempted 2224/8639 = 25%, 166 KB/s], Decompressed: 205
2026-08-19T03:28:26.1406549Z Downloaded: 2323 file(s) [attempted 2323/8639 = 26%, 1916 KB/s], Decompressed: 205
2026-08-19T03:28:26.2421259Z Downloaded: 2380 file(s) [attempted 2380/8639 = 27%, 633 KB/s], Decompressed: 205
2026-08-19T03:28:26.3418716Z Downloaded: 2477 file(s) [attempted 2477/8639 = 28%, 1140 KB/s], Decompressed: 205
2026-08-19T03:28:26.4847144Z Downloaded: 2538 file(s) [attempted 2538/8639 = 29%, 1166 KB/s], Decompressed: 205
2026-08-19T03:28:26.5892454Z Downloaded: 2631 file(s) [attempted 2631/8639 = 30%, 89 KB/s], Decompressed: 205
2026-08-19T03:28:26.6890877Z Downloaded: 2733 file(s) [attempted 2733/8639 = 31%, 1160 KB/s], Decompressed: 205
2026-08-19T03:28:26.8105007Z Downloaded: 2841 file(s) [attempted 2841/8639 = 32%, 1135 KB/s], Decompressed: 205
2026-08-19T03:28:26.9079006Z Downloaded: 2897 file(s) [attempted 2897/8639 = 33%, 247 KB/s], Decompressed: 205
2026-08-19T03:28:27.0425332Z Downloaded: 2983 file(s) [attempted 2983/8639 = 34%, 1012 KB/s], Decompressed: 205
2026-08-19T03:28:27.1786545Z Downloaded: 3048 file(s) [attempted 3048/8639 = 35%, 296 KB/s], Decompressed: 205
2026-08-19T03:28:27.2785111Z Downloaded: 3145 file(s) [attempted 3145/8639 = 36%, 4149 KB/s], Decompressed: 205
2026-08-19T03:28:27.3955467Z Downloaded: 3245 file(s) [attempted 3245/8639 = 37%, 508 KB/s], Decompressed: 205
2026-08-19T03:28:27.4965640Z Downloaded: 3297 file(s) [attempted 3297/8639 = 38%, 363 KB/s], Decompressed: 205
2026-08-19T03:28:27.6097286Z Downloaded: 3363 file(s) [attempted 3363/8639 = 38%, 535 KB/s], Decompressed: 205
2026-08-19T03:28:27.7128224Z Downloaded: 3446 file(s) [attempted 3446/8639 = 39%, 1427 KB/s], Decompressed: 205
2026-08-19T03:28:27.8294922Z Downloaded: 3550 file(s) [attempted 3550/8639 = 41%, 4491 KB/s], Decompressed: 205
2026-08-19T03:28:27.9605652Z Downloaded: 3619 file(s) [attempted 3619/8639 = 41%, 4264 KB/s], Decompressed: 205
2026-08-19T03:28:28.0649041Z Downloaded: 3666 file(s) [attempted 3666/8639 = 42%, 308 KB/s], Decompressed: 205
2026-08-19T03:28:28.1644797Z Downloaded: 3766 file(s) [attempted 3766/8639 = 43%, 582 KB/s], Decompressed: 205
2026-08-19T03:28:28.3625116Z Downloaded: 3828 file(s) [attempted 3828/8639 = 44%, 2523 KB/s], Decompressed: 205
2026-08-19T03:28:28.4627703Z Downloaded: 3918 file(s) [attempted 3918/8639 = 45%, 911 KB/s], Decompressed: 205
2026-08-19T03:28:28.5872683Z Downloaded: 3989 file(s) [attempted 3989/8639 = 46%, 1641 KB/s], Decompressed: 205
2026-08-19T03:28:28.7145846Z Downloaded: 4074 file(s) [attempted 4074/8639 = 47%, 68 KB/s], Decompressed: 205
2026-08-19T03:28:28.8443995Z Downloaded: 4171 file(s) [attempted 4171/8639 = 48%, 1418 KB/s], Decompressed: 205
2026-08-19T03:28:28.9602167Z Downloaded: 4271 file(s) [attempted 4271/8639 = 49%, 120 KB/s], Decompressed: 205
2026-08-19T03:28:29.0595968Z Downloaded: 4320 file(s) [attempted 4320/8639 = 50%, 1560 KB/s], Decompressed: 205
2026-08-19T03:28:29.1929337Z Downloaded: 4372 file(s) [attempted 4372/8639 = 50%, 57 KB/s], Decompressed: 205
2026-08-19T03:28:29.3109784Z Downloaded: 4472 file(s) [attempted 4472/8639 = 51%, 273 KB/s], Decompressed: 205
2026-08-19T03:28:29.4494791Z Downloaded: 4571 file(s) [attempted 4571/8639 = 52%, 1474 KB/s], Decompressed: 205
2026-08-19T03:28:29.6094905Z Downloaded: 4673 file(s) [attempted 4673/8639 = 54%, 2099 KB/s], Decompressed: 205
2026-08-19T03:28:29.7398058Z Downloaded: 4723 file(s) [attempted 4723/8639 = 54%, 363 KB/s], Decompressed: 205
2026-08-19T03:28:29.8426577Z Downloaded: 4823 file(s) [attempted 4823/8639 = 55%, 614 KB/s], Decompressed: 205
2026-08-19T03:28:29.9456264Z Downloaded: 4922 file(s) [attempted 4922/8639 = 56%, 730 KB/s], Decompressed: 205
2026-08-19T03:28:30.0521308Z Downloaded: 4977 file(s) [attempted 4977/8639 = 57%, 560 KB/s], Decompressed: 205
2026-08-19T03:28:30.1936039Z Downloaded: 5078 file(s) [attempted 5078/8639 = 58%, 45 KB/s], Decompressed: 205
2026-08-19T03:28:30.3245652Z Downloaded: 5130 file(s) [attempted 5130/8639 = 59%, 441 KB/s], Decompressed: 205
2026-08-19T03:28:30.4274940Z Downloaded: 5180 file(s) [attempted 5180/8639 = 59%, 570 KB/s], Decompressed: 205
2026-08-19T03:28:30.5500743Z Downloaded: 5282 file(s) [attempted 5282/8639 = 61%, 293 KB/s], Decompressed: 205
2026-08-19T03:28:30.6693793Z Downloaded: 5384 file(s) [attempted 5384/8639 = 62%, 1741 KB/s], Decompressed: 205
2026-08-19T03:28:30.7704940Z Downloaded: 5486 file(s) [attempted 5486/8639 = 63%, 2158 KB/s], Decompressed: 205
2026-08-19T03:28:30.8776340Z Downloaded: 5582 file(s) [attempted 5582/8639 = 64%, 668 KB/s], Decompressed: 1203
2026-08-19T03:28:31.0049914Z Downloaded: 5640 file(s) [attempted 5640/8639 = 65%, 278 KB/s], Decompressed: 1203
2026-08-19T03:28:31.1129107Z Downloaded: 5678 file(s) [attempted 5678/8639 = 65%, 572 KB/s], Decompressed: 1203
2026-08-19T03:28:31.2170378Z Downloaded: 5742 file(s) [attempted 5742/8639 = 66%, 2362 KB/s], Decompressed: 1203
2026-08-19T03:28:31.3372368Z Downloaded: 5816 file(s) [attempted 5816/8639 = 67%, 1923 KB/s], Decompressed: 1203
2026-08-19T03:28:31.4455065Z Downloaded: 5893 file(s) [attempted 5893/8639 = 68%, 1059 KB/s], Decompressed: 1203
2026-08-19T03:28:31.5485131Z Downloaded: 5990 file(s) [attempted 5990/8639 = 69%, 89 KB/s], Decompressed: 1203
2026-08-19T03:28:31.6740835Z Downloaded: 6057 file(s) [attempted 6057/8639 = 70%, 171 KB/s], Decompressed: 1203
2026-08-19T03:28:31.8134531Z Downloaded: 6144 file(s) [attempted 6144/8639 = 71%, 1717 KB/s], Decompressed: 1203
2026-08-19T03:28:31.9375361Z Downloaded: 6242 file(s) [attempted 6242/8639 = 72%, 796 KB/s], Decompressed: 1203
2026-08-19T03:28:32.1038237Z Downloaded: 6341 file(s) [attempted 6341/8639 = 73%, 1501 KB/s], Decompressed: 1203
2026-08-19T03:28:32.2214973Z Downloaded: 6438 file(s) [attempted 6438/8639 = 74%, 519 KB/s], Decompressed: 1203
2026-08-19T03:28:32.3264977Z Downloaded: 6490 file(s) [attempted 6490/8639 = 75%, 2089 KB/s], Decompressed: 1203
2026-08-19T03:28:32.4260788Z Downloaded: 6590 file(s) [attempted 6590/8639 = 76%, 88 KB/s], Decompressed: 1203
2026-08-19T03:28:32.5449512Z Downloaded: 6658 file(s) [attempted 6658/8639 = 77%, 1365 KB/s], Decompressed: 1203
2026-08-19T03:28:32.6545126Z Downloaded: 6741 file(s) [attempted 6741/8639 = 78%, 196 KB/s], Decompressed: 1203
2026-08-19T03:28:32.8034882Z Downloaded: 6841 file(s) [attempted 6841/8639 = 79%, 675 KB/s], Decompressed: 1203
2026-08-19T03:28:32.9025645Z Downloaded: 6898 file(s) [attempted 6898/8639 = 79%, 3834 KB/s], Decompressed: 1203
2026-08-19T03:28:33.0428248Z Downloaded: 6914 file(s) [attempted 6914/8639 = 80%, 286 KB/s], Decompressed: 1203
2026-08-19T03:28:33.1602835Z Downloaded: 6947 file(s) [attempted 6947/8639 = 80%, 131 KB/s], Decompressed: 1203
2026-08-19T03:28:33.3079930Z Downloaded: 6959 file(s) [attempted 6959/8639 = 80%, 2137 KB/s], Decompressed: 1203
2026-08-19T03:28:33.4006403Z Downloaded: 6990 file(s) [attempted 6990/8639 = 80%, 212 KB/s], Decompressed: 1203
2026-08-19T03:28:33.5115142Z Downloaded: 7026 file(s) [attempted 7026/8639 = 81%, 561 KB/s], Decompressed: 1203
2026-08-19T03:28:33.6514717Z Downloaded: 7037 file(s) [attempted 7037/8639 = 81%, 509 KB/s], Decompressed: 1203
2026-08-19T03:28:33.7966862Z Downloaded: 7087 file(s) [attempted 7087/8639 = 82%, 137 KB/s], Decompressed: 1203
2026-08-19T03:28:33.9095412Z Downloaded: 7111 file(s) [attempted 7111/8639 = 82%, 354 KB/s], Decompressed: 1203
2026-08-19T03:28:34.0104664Z Downloaded: 7137 file(s) [attempted 7137/8639 = 82%, 53 KB/s], Decompressed: 1203
2026-08-19T03:28:34.1425079Z Downloaded: 7158 file(s) [attempted 7158/8639 = 82%, 136 KB/s], Decompressed: 1203
2026-08-19T03:28:34.2612651Z Downloaded: 7187 file(s) [attempted 7187/8639 = 83%, 2212 KB/s], Decompressed: 1203
2026-08-19T03:28:34.4015890Z Downloaded: 7208 file(s) [attempted 7208/8639 = 83%, 2582 KB/s], Decompressed: 1203
2026-08-19T03:28:34.5006410Z Downloaded: 7236 file(s) [attempted 7236/8639 = 83%, 1911 KB/s], Decompressed: 1203
2026-08-19T03:28:34.6091446Z Downloaded: 7258 file(s) [attempted 7258/8639 = 84%, 743 KB/s], Decompressed: 1203
2026-08-19T03:28:34.7468948Z Downloaded: 7272 file(s) [attempted 7272/8639 = 84%, 445 KB/s], Decompressed: 1203
2026-08-19T03:28:34.9095238Z Downloaded: 7298 file(s) [attempted 7298/8639 = 84%, 978 KB/s], Decompressed: 1203
2026-08-19T03:28:35.0087153Z Downloaded: 7336 file(s) [attempted 7336/8639 = 84%, 1311 KB/s], Decompressed: 1203
2026-08-19T03:28:35.1492402Z Downloaded: 7386 file(s) [attempted 7386/8639 = 85%, 3592 KB/s], Decompressed: 1203
2026-08-19T03:28:35.2590425Z Downloaded: 7433 file(s) [attempted 7433/8639 = 86%, 245 KB/s], Decompressed: 1203
2026-08-19T03:28:35.4964940Z Downloaded: 7445 file(s) [attempted 7445/8639 = 86%, 299 KB/s], Decompressed: 1203
2026-08-19T03:28:35.6225367Z Downloaded: 7518 file(s) [attempted 7518/8639 = 87%, 891 KB/s], Decompressed: 1203
2026-08-19T03:28:35.7615399Z Downloaded: 7594 file(s) [attempted 7594/8639 = 87%, 4726 KB/s], Decompressed: 1203
2026-08-19T03:28:35.8695469Z Downloaded: 7696 file(s) [attempted 7696/8639 = 89%, 5137 KB/s], Decompressed: 1203
2026-08-19T03:28:35.9684965Z Downloaded: 7796 file(s) [attempted 7796/8639 = 90%, 7345 KB/s], Decompressed: 1203
2026-08-19T03:28:36.0744794Z Downloaded: 7851 file(s) [attempted 7851/8639 = 90%, 73 KB/s], Decompressed: 1203
2026-08-19T03:28:36.1755887Z Downloaded: 7947 file(s) [attempted 7947/8639 = 91%, 375 KB/s], Decompressed: 1203
2026-08-19T03:28:36.2989440Z Downloaded: 8006 file(s) [attempted 8006/8639 = 92%, 75 KB/s], Decompressed: 1203
2026-08-19T03:28:36.4226048Z Downloaded: 8101 file(s) [attempted 8101/8639 = 93%, 920 KB/s], Decompressed: 1203
2026-08-19T03:28:36.5469973Z Downloaded: 8158 file(s) [attempted 8158/8639 = 94%, 540 KB/s], Decompressed: 1203
2026-08-19T03:28:36.7055388Z Downloaded: 8258 file(s) [attempted 8258/8639 = 95%, 1576 KB/s], Decompressed: 1203
2026-08-19T03:28:36.8396693Z Downloaded: 8357 file(s) [attempted 8357/8639 = 96%, 691 KB/s], Decompressed: 1203
2026-08-19T03:28:36.9529073Z Downloaded: 8457 file(s) [attempted 8457/8639 = 97%, 564 KB/s], Decompressed: 1203
2026-08-19T03:28:37.1283865Z Downloaded: 8554 file(s) [attempted 8554/8639 = 99%, 212 KB/s], Decompressed: 1203
2026-08-19T03:28:37.1365435Z Downloaded: 8639 file(s) [attempted 8639/8639 = 100%, 212 KB/s], Decompressed: 1203
2026-08-19T03:28:37.1391442Z Downloaded: 8639 file(s) [attempted 8639/8639 = 100%, 212 KB/s], Decompressed: 1203
2026-08-19T03:29:15.1534851Z Decompressed 8639 file(s)
2026-08-19T03:29:15.1552273Z Already decompressed 8639 file(s)
2026-08-19T03:29:15.2324566Z ##[group]Run lake build A277223.CarryObstruction.Eight
2026-08-19T03:29:15.2325307Z [36;1mlake build A277223.CarryObstruction.Eight[0m
2026-08-19T03:29:15.2951913Z shell: /usr/bin/bash -e {0}
2026-08-19T03:29:15.2952200Z ##[endgroup]
2026-08-19T03:29:28.8469429Z ⚠ [2997/3001] Built A277223.Basic (10s)
2026-08-19T03:29:28.8484335Z warning: A277223/Basic.lean:211:4: try 'simp' instead of 'simpa'
2026-08-19T03:29:28.8494042Z 
2026-08-19T03:29:28.8494571Z Note: This linter can be disabled with `set_option linter.unnecessarySimpa false`
2026-08-19T03:29:32.3507067Z ⚠ [2998/3001] Built A277223.CarryObstruction.Theory (3.4s)
2026-08-19T03:29:32.3525021Z warning: A277223/CarryObstruction/Theory.lean:93:4: The namespace `CarryObstruction` is duplicated in the declaration `A277223.CarryObstruction.CarryObstruction`.
2026-08-19T03:29:32.3543811Z 
2026-08-19T03:29:32.3564156Z Note: This linter can be disabled with `set_option linter.dupNamespace false`
2026-08-19T03:29:32.3584323Z warning: A277223/CarryObstruction/Theory.lean:97:42: Variable name `hk` is not explicitly referenced.
2026-08-19T03:29:32.3585223Z 
2026-08-19T03:29:32.3604161Z The binding can be removed (if unused) or named `_` (if used implicitly).
2026-08-19T03:29:32.3623903Z 
2026-08-19T03:29:32.3638323Z Note: This linter can be disabled with `set_option linter.unusedVariables false`
2026-08-19T03:29:32.3644295Z warning: A277223/CarryObstruction/Theory.lean:157:51: 'ring' tactic does nothing
2026-08-19T03:29:32.3645459Z 
2026-08-19T03:29:32.3645987Z Note: This linter can be disabled with `set_option linter.unusedTactic false`
2026-08-19T03:29:32.3647090Z warning: A277223/CarryObstruction/Theory.lean:157:51: this tactic is never executed
2026-08-19T03:29:32.3647846Z 
2026-08-19T03:29:32.3648393Z Note: This linter can be disabled with `set_option linter.unreachableTactic false`
2026-08-19T03:29:32.3649648Z warning: A277223/CarryObstruction/Theory.lean:187:47: Used `tac1 <;> tac2` where `(tac1; tac2)` would suffice
2026-08-19T03:29:32.3650961Z 
2026-08-19T03:29:32.3651532Z Note: This linter can be disabled with `set_option linter.unnecessarySeqFocus false`
2026-08-19T03:29:32.3652645Z warning: A277223/CarryObstruction/Theory.lean:214:47: 'ring' tactic does nothing
2026-08-19T03:29:32.3653362Z 
2026-08-19T03:29:32.3654068Z Note: This linter can be disabled with `set_option linter.unusedTactic false`
2026-08-19T03:29:32.3655162Z warning: A277223/CarryObstruction/Theory.lean:214:47: this tactic is never executed
2026-08-19T03:29:32.3655908Z 
2026-08-19T03:29:32.3656439Z Note: This linter can be disabled with `set_option linter.unreachableTactic false`
2026-08-19T03:29:32.3657739Z warning: A277223/CarryObstruction/Theory.lean:299:4: `push_neg` has been deprecated. Prefer using `push Not` instead.
2026-08-19T03:29:32.3659084Z If you'd rather continue using `push_neg` in your project, you can implement it as follows:
2026-08-19T03:29:32.3659966Z ```
2026-08-19T03:29:32.3660439Z open Lean.Parser.Tactic in
2026-08-19T03:29:32.3661111Z macro "push_neg" cfg:optConfig loc:(location)? : tactic =>
2026-08-19T03:29:32.3661873Z   `(tactic| push $cfg:optConfig Not $[$loc]?)
2026-08-19T03:29:32.3662484Z ```
2026-08-19T03:29:32.3663394Z warning: A277223/CarryObstruction/Theory.lean:323:4: `push_neg` has been deprecated. Prefer using `push Not` instead.
2026-08-19T03:29:32.3664923Z If you'd rather continue using `push_neg` in your project, you can implement it as follows:
2026-08-19T03:29:32.3665801Z ```
2026-08-19T03:29:32.3666267Z open Lean.Parser.Tactic in
2026-08-19T03:29:32.3666921Z macro "push_neg" cfg:optConfig loc:(location)? : tactic =>
2026-08-19T03:29:32.3667661Z   `(tactic| push $cfg:optConfig Not $[$loc]?)
2026-08-19T03:29:32.3668270Z ```
2026-08-19T03:29:35.2545177Z ✔ [2999/3001] Built A277223.CarryObstruction.Certificate (2.0s)
2026-08-19T03:32:43.5404882Z ✔ [3000/3001] Built A277223.CarryObstruction.EightData (188s)
2026-08-19T03:34:00.1453053Z ✔ [3001/3001] Built A277223.CarryObstruction.Eight (76s)
2026-08-19T03:34:00.1715706Z Build completed successfully (3001 jobs).
2026-08-19T03:34:00.3361214Z ##[group]Run lake build A277223.CarryObstruction.Ten
2026-08-19T03:34:00.3399298Z [36;1mlake build A277223.CarryObstruction.Ten[0m
2026-08-19T03:34:00.4080942Z shell: /usr/bin/bash -e {0}
2026-08-19T03:34:00.4085334Z ##[endgroup]
2026-08-19T03:34:06.0104686Z ⚠ [2997/3001] Replayed A277223.Basic
2026-08-19T03:34:06.0105667Z warning: A277223/Basic.lean:211:4: try 'simp' instead of 'simpa'
2026-08-19T03:34:06.0109848Z 
2026-08-19T03:34:06.0110487Z Note: This linter can be disabled with `set_option linter.unnecessarySimpa false`
2026-08-19T03:34:06.0117572Z ⚠ [2998/3001] Replayed A277223.CarryObstruction.Theory
2026-08-19T03:34:06.0121733Z warning: A277223/CarryObstruction/Theory.lean:93:4: The namespace `CarryObstruction` is duplicated in the declaration `A277223.CarryObstruction.CarryObstruction`.
2026-08-19T03:34:06.0126584Z 
2026-08-19T03:34:06.0129860Z Note: This linter can be disabled with `set_option linter.dupNamespace false`
2026-08-19T03:34:06.0138483Z warning: A277223/CarryObstruction/Theory.lean:97:42: Variable name `hk` is not explicitly referenced.
2026-08-19T03:34:06.0139363Z 
2026-08-19T03:34:06.0142864Z The binding can be removed (if unused) or named `_` (if used implicitly).
2026-08-19T03:34:06.0146600Z 
2026-08-19T03:34:06.0147194Z Note: This linter can be disabled with `set_option linter.unusedVariables false`
2026-08-19T03:34:06.0151545Z warning: A277223/CarryObstruction/Theory.lean:157:51: 'ring' tactic does nothing
2026-08-19T03:34:06.0152346Z 
2026-08-19T03:34:06.0155136Z Note: This linter can be disabled with `set_option linter.unusedTactic false`
2026-08-19T03:34:06.0161245Z warning: A277223/CarryObstruction/Theory.lean:157:51: this tactic is never executed
2026-08-19T03:34:06.0162043Z 
2026-08-19T03:34:06.0166023Z Note: This linter can be disabled with `set_option linter.unreachableTactic false`
2026-08-19T03:34:06.0170345Z warning: A277223/CarryObstruction/Theory.lean:187:47: Used `tac1 <;> tac2` where `(tac1; tac2)` would suffice
2026-08-19T03:34:06.0179576Z 
2026-08-19T03:34:06.0182772Z Note: This linter can be disabled with `set_option linter.unnecessarySeqFocus false`
2026-08-19T03:34:06.0186474Z warning: A277223/CarryObstruction/Theory.lean:214:47: 'ring' tactic does nothing
2026-08-19T03:34:06.0187317Z 
2026-08-19T03:34:06.0190308Z Note: This linter can be disabled with `set_option linter.unusedTactic false`
2026-08-19T03:34:06.0191541Z warning: A277223/CarryObstruction/Theory.lean:214:47: this tactic is never executed
2026-08-19T03:34:06.0194402Z 
2026-08-19T03:34:06.0195061Z Note: This linter can be disabled with `set_option linter.unreachableTactic false`
2026-08-19T03:34:06.0199320Z warning: A277223/CarryObstruction/Theory.lean:299:4: `push_neg` has been deprecated. Prefer using `push Not` instead.
2026-08-19T03:34:06.0200763Z If you'd rather continue using `push_neg` in your project, you can implement it as follows:
2026-08-19T03:34:06.0418139Z ```
2026-08-19T03:34:06.0419780Z open Lean.Parser.Tactic in
2026-08-19T03:34:06.0420507Z macro "push_neg" cfg:optConfig loc:(location)? : tactic =>
2026-08-19T03:34:06.0421280Z   `(tactic| push $cfg:optConfig Not $[$loc]?)
2026-08-19T03:34:06.0422416Z ```
2026-08-19T03:34:06.0423319Z warning: A277223/CarryObstruction/Theory.lean:323:4: `push_neg` has been deprecated. Prefer using `push Not` instead.
2026-08-19T03:34:06.0425569Z If you'd rather continue using `push_neg` in your project, you can implement it as follows:
2026-08-19T03:34:06.0426450Z ```
2026-08-19T03:34:06.0426852Z open Lean.Parser.Tactic in
2026-08-19T03:34:06.0427517Z macro "push_neg" cfg:optConfig loc:(location)? : tactic =>
2026-08-19T03:34:06.0428352Z   `(tactic| push $cfg:optConfig Not $[$loc]?)
2026-08-19T03:34:06.0429688Z ```
2026-08-19T03:34:18.3230587Z ✔ [3000/3001] Built A277223.CarryObstruction.TenData (12s)
2026-08-19T03:34:33.9415264Z ✔ [3001/3001] Built A277223.CarryObstruction.Ten (15s)
2026-08-19T03:34:33.9520758Z Build completed successfully (3001 jobs).
2026-08-19T03:34:33.9990784Z ##[group]Run lake build A277223.PeriodicCrossing.SevenFamily
2026-08-19T03:34:33.9994414Z [36;1mlake build A277223.PeriodicCrossing.SevenFamily[0m
2026-08-19T03:34:34.0049894Z shell: /usr/bin/bash -e {0}
2026-08-19T03:34:34.0050337Z ##[endgroup]
2026-08-19T03:34:35.8686197Z ⚠ [2997/3002] Replayed A277223.Basic
2026-08-19T03:34:35.8687147Z warning: A277223/Basic.lean:211:4: try 'simp' instead of 'simpa'
2026-08-19T03:34:35.8690292Z 
2026-08-19T03:34:35.8692929Z Note: This linter can be disabled with `set_option linter.unnecessarySimpa false`
2026-08-19T03:34:38.1711910Z ⚠ [2998/3002] Built A277223.PeriodicCrossing.Defect (2.3s)
2026-08-19T03:34:38.1716188Z info: A277223/PeriodicCrossing/Defect.lean:48:24: Try this:
2026-08-19T03:34:38.1718878Z   [apply] ring_nf
2026-08-19T03:34:38.1719503Z   
2026-08-19T03:34:38.1723332Z   The `ring` tactic failed to close the goal. Use `ring_nf` to obtain a normal form.
2026-08-19T03:34:38.1727267Z     
2026-08-19T03:34:38.1737364Z   Note that `ring` works primarily in *commutative* rings. If you have a noncommutative ring, abelian group or module, consider using `noncomm_ring`, `abel` or `module` instead.
2026-08-19T03:34:38.1742254Z warning: A277223/PeriodicCrossing/Defect.lean:48:20: Used `tac1 <;> tac2` where `(tac1; tac2)` would suffice
2026-08-19T03:34:38.1743229Z 
2026-08-19T03:34:38.1746708Z Note: This linter can be disabled with `set_option linter.unnecessarySeqFocus false`
2026-08-19T03:34:38.1751921Z warning: A277223/PeriodicCrossing/Defect.lean:128:16: Used `tac1 <;> tac2` where `(tac1; tac2)` would suffice
2026-08-19T03:34:38.1753000Z 
2026-08-19T03:34:38.1753839Z Note: This linter can be disabled with `set_option linter.unnecessarySeqFocus false`
2026-08-19T03:34:40.6784025Z ✔ [2999/3002] Built A277223.PeriodicCrossing.Blocks (2.5s)
2026-08-19T03:34:45.1822062Z ✔ [3000/3002] Built A277223.PeriodicCrossing.AlignedUpdate (4.5s)
2026-08-19T03:34:45.3835237Z ⚠ [3001/3002] Built A277223.PeriodicCrossing.Seven (4.7s)
2026-08-19T03:34:45.3840119Z warning: A277223/PeriodicCrossing/Seven.lean:27:44: 'norm_num' tactic does nothing
2026-08-19T03:34:45.3841135Z 
2026-08-19T03:34:45.3841609Z Note: This linter can be disabled with `set_option linter.unusedTactic false`
2026-08-19T03:34:45.3842669Z warning: A277223/PeriodicCrossing/Seven.lean:27:44: this tactic is never executed
2026-08-19T03:34:45.3848255Z 
2026-08-19T03:34:45.3850472Z Note: This linter can be disabled with `set_option linter.unreachableTactic false`
2026-08-19T03:35:38.9482741Z ⚠ [3002/3002] Built A277223.PeriodicCrossing.SevenFamily (53s)
2026-08-19T03:35:38.9491599Z warning: A277223/PeriodicCrossing/SevenFamily.lean:64:44: 'ring' tactic does nothing
2026-08-19T03:35:38.9492185Z 
2026-08-19T03:35:38.9494681Z Note: This linter can be disabled with `set_option linter.unusedTactic false`
2026-08-19T03:35:38.9499222Z warning: A277223/PeriodicCrossing/SevenFamily.lean:64:44: this tactic is never executed
2026-08-19T03:35:38.9499990Z 
2026-08-19T03:35:38.9503882Z Note: This linter can be disabled with `set_option linter.unreachableTactic false`
2026-08-19T03:35:38.9506384Z warning: A277223/PeriodicCrossing/SevenFamily.lean:134:4: 'skip' tactic does nothing
2026-08-19T03:35:38.9509069Z 
2026-08-19T03:35:38.9509475Z Note: This linter can be disabled with `set_option linter.unusedTactic false`
2026-08-19T03:35:38.9512865Z warning: A277223/PeriodicCrossing/SevenFamily.lean:134:4: this tactic is never executed
2026-08-19T03:35:38.9513461Z 
2026-08-19T03:35:38.9513965Z Note: This linter can be disabled with `set_option linter.unreachableTactic false`
2026-08-19T03:35:38.9518516Z warning: A277223/PeriodicCrossing/SevenFamily.lean:200:4: 'skip' tactic does nothing
2026-08-19T03:35:38.9520698Z 
2026-08-19T03:35:38.9521124Z Note: This linter can be disabled with `set_option linter.unusedTactic false`
2026-08-19T03:35:38.9523427Z warning: A277223/PeriodicCrossing/SevenFamily.lean:200:4: this tactic is never executed
2026-08-19T03:35:38.9524414Z 
2026-08-19T03:35:38.9531275Z Note: This linter can be disabled with `set_option linter.unreachableTactic false`
2026-08-19T03:35:38.9786606Z Build completed successfully (3002 jobs).
2026-08-19T03:35:39.1037126Z ##[group]Run lake build A277223.PeriodicCrossing.ElevenFamily
2026-08-19T03:35:39.1039537Z [36;1mlake build A277223.PeriodicCrossing.ElevenFamily[0m
2026-08-19T03:35:39.1160831Z shell: /usr/bin/bash -e {0}
2026-08-19T03:35:39.1164062Z ##[endgroup]
2026-08-19T03:35:43.6164891Z ⚠ [2997/3002] Replayed A277223.Basic
2026-08-19T03:35:43.6169646Z warning: A277223/Basic.lean:211:4: try 'simp' instead of 'simpa'
2026-08-19T03:35:43.6172174Z 
2026-08-19T03:35:43.6175437Z Note: This linter can be disabled with `set_option linter.unnecessarySimpa false`
2026-08-19T03:35:43.6176618Z ⚠ [2998/3002] Replayed A277223.PeriodicCrossing.Defect
2026-08-19T03:35:43.6182232Z info: A277223/PeriodicCrossing/Defect.lean:48:24: Try this:
2026-08-19T03:35:43.6182997Z   [apply] ring_nf
2026-08-19T03:35:43.6186769Z   
2026-08-19T03:35:43.6191172Z   The `ring` tactic failed to close the goal. Use `ring_nf` to obtain a normal form.
2026-08-19T03:35:43.6194905Z     
2026-08-19T03:35:43.6199343Z   Note that `ring` works primarily in *commutative* rings. If you have a noncommutative ring, abelian group or module, consider using `noncomm_ring`, `abel` or `module` instead.
2026-08-19T03:35:43.6207410Z warning: A277223/PeriodicCrossing/Defect.lean:48:20: Used `tac1 <;> tac2` where `(tac1; tac2)` would suffice
2026-08-19T03:35:43.6208262Z 
2026-08-19T03:35:43.6208851Z Note: This linter can be disabled with `set_option linter.unnecessarySeqFocus false`
2026-08-19T03:35:43.6216769Z warning: A277223/PeriodicCrossing/Defect.lean:128:16: Used `tac1 <;> tac2` where `(tac1; tac2)` would suffice
2026-08-19T03:35:43.6217636Z 
2026-08-19T03:35:43.6218096Z Note: This linter can be disabled with `set_option linter.unnecessarySeqFocus false`
2026-08-19T03:35:47.5208985Z ⚠ [3001/3002] Built A277223.PeriodicCrossing.Eleven (3.9s)
2026-08-19T03:35:47.5238658Z warning: A277223/PeriodicCrossing/Eleven.lean:27:44: 'norm_num' tactic does nothing
2026-08-19T03:35:47.5239901Z 
2026-08-19T03:35:47.5240627Z Note: This linter can be disabled with `set_option linter.unusedTactic false`
2026-08-19T03:35:47.5244204Z warning: A277223/PeriodicCrossing/Eleven.lean:27:44: this tactic is never executed
2026-08-19T03:35:47.5244861Z 
2026-08-19T03:35:47.5245370Z Note: This linter can be disabled with `set_option linter.unreachableTactic false`
2026-08-19T03:35:53.3327348Z ⚠ [3002/3002] Built A277223.PeriodicCrossing.ElevenFamily (5.7s)
2026-08-19T03:35:53.3378950Z warning: A277223/PeriodicCrossing/ElevenFamily.lean:62:44: 'ring' tactic does nothing
2026-08-19T03:35:53.3382299Z 
2026-08-19T03:35:53.3384903Z Note: This linter can be disabled with `set_option linter.unusedTactic false`
2026-08-19T03:35:53.3393839Z warning: A277223/PeriodicCrossing/ElevenFamily.lean:62:44: this tactic is never executed
2026-08-19T03:35:53.3400523Z 
2026-08-19T03:35:53.3400949Z Note: This linter can be disabled with `set_option linter.unreachableTactic false`
2026-08-19T03:35:53.3404086Z warning: A277223/PeriodicCrossing/ElevenFamily.lean:137:4: 'skip' tactic does nothing
2026-08-19T03:35:53.3404665Z 
2026-08-19T03:35:53.3414004Z Note: This linter can be disabled with `set_option linter.unusedTactic false`
2026-08-19T03:35:53.3417640Z warning: A277223/PeriodicCrossing/ElevenFamily.lean:137:4: this tactic is never executed
2026-08-19T03:35:53.3418194Z 
2026-08-19T03:35:53.3421037Z Note: This linter can be disabled with `set_option linter.unreachableTactic false`
2026-08-19T03:35:53.3421934Z warning: A277223/PeriodicCrossing/ElevenFamily.lean:202:4: 'skip' tactic does nothing
2026-08-19T03:35:53.3422440Z 
2026-08-19T03:35:53.3422820Z Note: This linter can be disabled with `set_option linter.unusedTactic false`
2026-08-19T03:35:53.3426717Z warning: A277223/PeriodicCrossing/ElevenFamily.lean:202:4: this tactic is never executed
2026-08-19T03:35:53.3427271Z 
2026-08-19T03:35:53.3427673Z Note: This linter can be disabled with `set_option linter.unreachableTactic false`
2026-08-19T03:35:53.3496485Z Build completed successfully (3002 jobs).
2026-08-19T03:35:53.4526925Z ##[group]Run leanprover/lean-action@v1
2026-08-19T03:35:53.4527225Z with:
2026-08-19T03:35:53.4527406Z   build: true
2026-08-19T03:35:53.4527609Z   use-mathlib-cache: true
2026-08-19T03:35:53.4527832Z   leanchecker: true
2026-08-19T03:35:53.4528024Z   nanoda: true
2026-08-19T03:35:53.4528216Z   nanoda-allow-sorry: false
2026-08-19T03:35:53.4528438Z   auto-config: true
2026-08-19T03:35:53.4528623Z   test: default
2026-08-19T03:35:53.4528802Z   lint: default
2026-08-19T03:35:53.4528985Z   mk_all-check: false
2026-08-19T03:35:53.4529217Z   check-reservoir-eligibility: false
2026-08-19T03:35:53.4529477Z   lean4checker: false
2026-08-19T03:35:53.4529684Z   use-github-cache: true
2026-08-19T03:35:53.4529911Z   lake-package-directory: .
2026-08-19T03:35:53.4530159Z   reinstall-transient-toolchain: false
2026-08-19T03:35:53.4530413Z ##[endgroup]
2026-08-19T03:35:53.4705300Z ##[start-action display=install elan;id=__leanprover_lean-action.__run]
2026-08-19T03:35:53.4737522Z ##[group]Run : Install Elan
2026-08-19T03:35:53.4737933Z [36;1m: Install Elan[0m
2026-08-19T03:35:53.4738358Z [36;1m${GITHUB_ACTION_PATH}/scripts/install_elan.sh[0m
2026-08-19T03:35:53.4933418Z shell: /usr/bin/bash --noprofile --norc -e -o pipefail {0}
2026-08-19T03:35:53.4933905Z ##[endgroup]
2026-08-19T03:35:53.5021395Z ##[group]Elan Installation Output
2026-08-19T03:35:53.5867378Z info: downloading installer
2026-08-19T03:35:54.1415120Z Lean (version 4.32.2, x86_64-unknown-linux-gnu, commit f3b06c705e6c85f5314019d5d3baab0fec5b580c, Release)
2026-08-19T03:35:54.1950118Z Lake version 5.0.0-src+f3b06c7 (Lean version 4.32.2)
2026-08-19T03:35:54.2009935Z ##[endgroup]
2026-08-19T03:35:54.2013197Z 
2026-08-19T03:35:54.2049562Z ##[end-action id=__leanprover_lean-action.__run;outcome=success;conclusion=success;duration_ms=734]
2026-08-19T03:35:54.2069490Z ##[start-action display=configure `lean-action`;id=__leanprover_lean-action.config]
2026-08-19T03:35:54.2092513Z ##[group]Run : Configure Lean Action
2026-08-19T03:35:54.2093010Z [36;1m: Configure Lean Action[0m
2026-08-19T03:35:54.2093293Z [36;1m${GITHUB_ACTION_PATH}/scripts/config.sh[0m
2026-08-19T03:35:54.2133038Z shell: /usr/bin/bash --noprofile --norc -e -o pipefail {0}
2026-08-19T03:35:54.2133381Z env:
2026-08-19T03:35:54.2133816Z   AUTO_CONFIG: true
2026-08-19T03:35:54.2134036Z   BUILD: true
2026-08-19T03:35:54.2134219Z   TEST: default
2026-08-19T03:35:54.2134402Z   LINT: default
2026-08-19T03:35:54.2134587Z ##[endgroup]
2026-08-19T03:35:54.2206358Z ##[group]Configure lean-action
2026-08-19T03:35:54.2241170Z build: true -> will run lake build
2026-08-19T03:35:54.2242682Z auto-config: true
2026-08-19T03:35:54.2243261Z     -> will run lake build
2026-08-19T03:35:54.2835238Z lake check-test failed -> will not run lake test
2026-08-19T03:35:54.3421156Z lake check-lint failed -> will not run lake lint
2026-08-19T03:35:54.3492767Z ##[end-action id=__leanprover_lean-action.config;outcome=success;conclusion=success;duration_ms=142]
2026-08-19T03:35:54.3497691Z ##[start-action display=reinstall transient toolchain;id=__leanprover_lean-action.__run_2]
2026-08-19T03:35:54.3529795Z ##[end-action id=__leanprover_lean-action.__run_2;outcome=skipped;conclusion=skipped;duration_ms=0]
2026-08-19T03:35:54.3531773Z ##[start-action display=ensure all files are imported;id=__leanprover_lean-action.mk_all]
2026-08-19T03:35:54.3536175Z ##[end-action id=__leanprover_lean-action.mk_all;outcome=skipped;conclusion=skipped;duration_ms=0]
2026-08-19T03:35:54.3538817Z ##[start-action display=Run actions/cache/restore@v5;id=__leanprover_lean-action.__actions_cache]
2026-08-19T03:35:54.7606319Z ##[group]Run actions/cache/restore@v5
2026-08-19T03:35:54.7606613Z with:
2026-08-19T03:35:54.7606805Z   path: ./.lake
2026-08-19T03:35:54.7607642Z   key: lake-Linux-X64-0915eca8740ac44a5c3724f224a0ef587411abc8ee28170f32848ca470ada1f5-040b105961b33a047c7fa06a06554d9fad5e6866d358c4f485b5cd33e392b7ba-2fc7fab2f590b39960c2a0a256b110c177fae6a1
2026-08-19T03:35:54.7609313Z   restore-keys: lake-Linux-X64-0915eca8740ac44a5c3724f224a0ef587411abc8ee28170f32848ca470ada1f5-040b105961b33a047c7fa06a06554d9fad5e6866d358c4f485b5cd33e392b7ba
2026-08-19T03:35:54.7610080Z   enableCrossOsArchive: false
2026-08-19T03:35:54.7610332Z   fail-on-cache-miss: false
2026-08-19T03:35:54.7610570Z   lookup-only: false
2026-08-19T03:35:54.7610783Z ##[endgroup]
2026-08-19T03:35:55.3649302Z Cache not found for input keys: lake-Linux-X64-0915eca8740ac44a5c3724f224a0ef587411abc8ee28170f32848ca470ada1f5-040b105961b33a047c7fa06a06554d9fad5e6866d358c4f485b5cd33e392b7ba-2fc7fab2f590b39960c2a0a256b110c177fae6a1, lake-Linux-X64-0915eca8740ac44a5c3724f224a0ef587411abc8ee28170f32848ca470ada1f5-040b105961b33a047c7fa06a06554d9fad5e6866d358c4f485b5cd33e392b7ba
2026-08-19T03:35:55.3710890Z ##[end-action id=__leanprover_lean-action.__actions_cache;outcome=success;conclusion=success;duration_ms=1017]
2026-08-19T03:35:55.3715974Z ##[start-action display=detect mathlib;id=__leanprover_lean-action.detect-mathlib]
2026-08-19T03:35:55.3723101Z ##[end-action id=__leanprover_lean-action.detect-mathlib;outcome=skipped;conclusion=skipped;duration_ms=0]
2026-08-19T03:35:55.3726826Z ##[start-action display=get mathlib cache;id=__leanprover_lean-action.__run_3]
2026-08-19T03:35:55.3770888Z ##[group]Run : Get Mathlib Cache
2026-08-19T03:35:55.3771160Z [36;1m: Get Mathlib Cache[0m
2026-08-19T03:35:55.3771403Z [36;1mecho "::group::Mathlib Cache"[0m
2026-08-19T03:35:55.3771664Z [36;1mlake exe cache get[0m
2026-08-19T03:35:55.3771894Z [36;1mecho "::endgroup::"[0m
2026-08-19T03:35:55.3772113Z [36;1mecho[0m
2026-08-19T03:35:55.3807888Z shell: /usr/bin/bash --noprofile --norc -e -o pipefail {0}
2026-08-19T03:35:55.3808235Z ##[endgroup]
2026-08-19T03:35:55.3862319Z ##[group]Mathlib Cache
2026-08-19T03:36:05.5625129Z Current branch: HEAD
2026-08-19T03:36:05.5625878Z Using cache from origin: (some leanprover-community/mathlib4)
2026-08-19T03:36:05.5626578Z No files to download
2026-08-19T03:36:05.5627028Z Already decompressed 8639 file(s)
2026-08-19T03:36:05.5996301Z ##[endgroup]
2026-08-19T03:36:05.5997495Z 
2026-08-19T03:36:05.6005737Z ##[end-action id=__leanprover_lean-action.__run_3;outcome=success;conclusion=success;duration_ms=10227]
2026-08-19T03:36:05.6031149Z ##[start-action display=build lightninnng/A277223;id=__leanprover_lean-action.build]
2026-08-19T03:36:05.6057727Z ##[group]Run : Lake Build
2026-08-19T03:36:05.6057979Z [36;1m: Lake Build[0m
2026-08-19T03:36:05.6058233Z [36;1m${GITHUB_ACTION_PATH}/scripts/lake_build.sh[0m
2026-08-19T03:36:05.6094303Z shell: /usr/bin/bash --noprofile --norc -e -o pipefail {0}
2026-08-19T03:36:05.6094637Z env:
2026-08-19T03:36:05.6094816Z   BUILD_ARGS: 
2026-08-19T03:36:05.6095010Z ##[endgroup]
2026-08-19T03:36:05.6213032Z ##[group]Lake Build Output
2026-08-19T03:36:07.4049783Z ⚠ [2997/3015] Replayed A277223.Basic
2026-08-19T03:36:07.4050718Z warning: A277223/Basic.lean:211:4: try 'simp' instead of 'simpa'
2026-08-19T03:36:07.4074086Z 
2026-08-19T03:36:07.4094283Z Note: This linter can be disabled with `set_option linter.unnecessarySimpa false`
2026-08-19T03:36:07.4114104Z ⚠ [2998/3015] Replayed A277223.CarryObstruction.Theory
2026-08-19T03:36:07.4115621Z warning: A277223/CarryObstruction/Theory.lean:93:4: The namespace `CarryObstruction` is duplicated in the declaration `A277223.CarryObstruction.CarryObstruction`.
2026-08-19T03:36:07.4133802Z 
2026-08-19T03:36:07.4154157Z Note: This linter can be disabled with `set_option linter.dupNamespace false`
2026-08-19T03:36:07.4174299Z warning: A277223/CarryObstruction/Theory.lean:97:42: Variable name `hk` is not explicitly referenced.
2026-08-19T03:36:07.4175186Z 
2026-08-19T03:36:07.4194140Z The binding can be removed (if unused) or named `_` (if used implicitly).
2026-08-19T03:36:07.4213758Z 
2026-08-19T03:36:07.4234154Z Note: This linter can be disabled with `set_option linter.unusedVariables false`
2026-08-19T03:36:07.4235275Z warning: A277223/CarryObstruction/Theory.lean:157:51: 'ring' tactic does nothing
2026-08-19T03:36:07.4253799Z 
2026-08-19T03:36:07.4274565Z Note: This linter can be disabled with `set_option linter.unusedTactic false`
2026-08-19T03:36:07.4275713Z warning: A277223/CarryObstruction/Theory.lean:157:51: this tactic is never executed
2026-08-19T03:36:07.4293798Z 
2026-08-19T03:36:07.4314238Z Note: This linter can be disabled with `set_option linter.unreachableTactic false`
2026-08-19T03:36:07.4331273Z warning: A277223/CarryObstruction/Theory.lean:187:47: Used `tac1 <;> tac2` where `(tac1; tac2)` would suffice
2026-08-19T03:36:07.4332199Z 
2026-08-19T03:36:07.4332748Z Note: This linter can be disabled with `set_option linter.unnecessarySeqFocus false`
2026-08-19T03:36:07.4334032Z warning: A277223/CarryObstruction/Theory.lean:214:47: 'ring' tactic does nothing
2026-08-19T03:36:07.4334752Z 
2026-08-19T03:36:07.4335253Z Note: This linter can be disabled with `set_option linter.unusedTactic false`
2026-08-19T03:36:07.4336289Z warning: A277223/CarryObstruction/Theory.lean:214:47: this tactic is never executed
2026-08-19T03:36:07.4337003Z 
2026-08-19T03:36:07.4337559Z Note: This linter can be disabled with `set_option linter.unreachableTactic false`
2026-08-19T03:36:07.4338811Z warning: A277223/CarryObstruction/Theory.lean:299:4: `push_neg` has been deprecated. Prefer using `push Not` instead.
2026-08-19T03:36:07.4340109Z If you'd rather continue using `push_neg` in your project, you can implement it as follows:
2026-08-19T03:36:07.4340957Z ```
2026-08-19T03:36:07.4341423Z open Lean.Parser.Tactic in
2026-08-19T03:36:07.4342067Z macro "push_neg" cfg:optConfig loc:(location)? : tactic =>
2026-08-19T03:36:07.4342796Z   `(tactic| push $cfg:optConfig Not $[$loc]?)
2026-08-19T03:36:07.4343406Z ```
2026-08-19T03:36:07.4344478Z warning: A277223/CarryObstruction/Theory.lean:323:4: `push_neg` has been deprecated. Prefer using `push Not` instead.
2026-08-19T03:36:07.4345792Z If you'd rather continue using `push_neg` in your project, you can implement it as follows:
2026-08-19T03:36:07.4346646Z ```
2026-08-19T03:36:07.4347109Z open Lean.Parser.Tactic in
2026-08-19T03:36:07.4348010Z macro "push_neg" cfg:optConfig loc:(location)? : tactic =>
2026-08-19T03:36:07.4348759Z   `(tactic| push $cfg:optConfig Not $[$loc]?)
2026-08-19T03:36:07.4349360Z ```
2026-08-19T03:36:07.4350064Z ⚠ [3004/3015] Replayed A277223.PeriodicCrossing.Defect
2026-08-19T03:36:07.4350852Z info: A277223/PeriodicCrossing/Defect.lean:48:24: Try this:
2026-08-19T03:36:07.4351536Z   [apply] ring_nf
2026-08-19T03:36:07.4352011Z   
2026-08-19T03:36:07.4352676Z   The `ring` tactic failed to close the goal. Use `ring_nf` to obtain a normal form.
2026-08-19T03:36:07.4353476Z     
2026-08-19T03:36:07.4354968Z   Note that `ring` works primarily in *commutative* rings. If you have a noncommutative ring, abelian group or module, consider using `noncomm_ring`, `abel` or `module` instead.
2026-08-19T03:36:07.4356696Z warning: A277223/PeriodicCrossing/Defect.lean:48:20: Used `tac1 <;> tac2` where `(tac1; tac2)` would suffice
2026-08-19T03:36:07.4357536Z 
2026-08-19T03:36:07.4358083Z Note: This linter can be disabled with `set_option linter.unnecessarySeqFocus false`
2026-08-19T03:36:07.4359302Z warning: A277223/PeriodicCrossing/Defect.lean:128:16: Used `tac1 <;> tac2` where `(tac1; tac2)` would suffice
2026-08-19T03:36:07.4360146Z 
2026-08-19T03:36:07.4360685Z Note: This linter can be disabled with `set_option linter.unnecessarySeqFocus false`
2026-08-19T03:36:07.4361700Z ⚠ [3006/3015] Replayed A277223.PeriodicCrossing.Seven
2026-08-19T03:36:07.4362604Z warning: A277223/PeriodicCrossing/Seven.lean:27:44: 'norm_num' tactic does nothing
2026-08-19T03:36:07.4363321Z 
2026-08-19T03:36:07.4363997Z Note: This linter can be disabled with `set_option linter.unusedTactic false`
2026-08-19T03:36:07.4365065Z warning: A277223/PeriodicCrossing/Seven.lean:27:44: this tactic is never executed
2026-08-19T03:36:07.4365792Z 
2026-08-19T03:36:07.4366320Z Note: This linter can be disabled with `set_option linter.unreachableTactic false`
2026-08-19T03:36:07.4367332Z ⚠ [3007/3015] Replayed A277223.PeriodicCrossing.Eleven
2026-08-19T03:36:07.4368401Z warning: A277223/PeriodicCrossing/Eleven.lean:27:44: 'norm_num' tactic does nothing
2026-08-19T03:36:07.4369138Z 
2026-08-19T03:36:07.4369641Z Note: This linter can be disabled with `set_option linter.unusedTactic false`
2026-08-19T03:36:07.4370836Z warning: A277223/PeriodicCrossing/Eleven.lean:27:44: this tactic is never executed
2026-08-19T03:36:07.4371779Z 
2026-08-19T03:36:07.4372408Z Note: This linter can be disabled with `set_option linter.unreachableTactic false`
2026-08-19T03:36:07.4373463Z ⚠ [3009/3015] Replayed A277223.PeriodicCrossing.SevenFamily
2026-08-19T03:36:07.4374830Z warning: A277223/PeriodicCrossing/SevenFamily.lean:64:44: 'ring' tactic does nothing
2026-08-19T03:36:07.4375594Z 
2026-08-19T03:36:07.4376099Z Note: This linter can be disabled with `set_option linter.unusedTactic false`
2026-08-19T03:36:07.4377192Z warning: A277223/PeriodicCrossing/SevenFamily.lean:64:44: this tactic is never executed
2026-08-19T03:36:07.4377956Z 
2026-08-19T03:36:07.4378504Z Note: This linter can be disabled with `set_option linter.unreachableTactic false`
2026-08-19T03:36:07.4379699Z warning: A277223/PeriodicCrossing/SevenFamily.lean:134:4: 'skip' tactic does nothing
2026-08-19T03:36:07.4380456Z 
2026-08-19T03:36:07.4380954Z Note: This linter can be disabled with `set_option linter.unusedTactic false`
2026-08-19T03:36:07.4382058Z warning: A277223/PeriodicCrossing/SevenFamily.lean:134:4: this tactic is never executed
2026-08-19T03:36:07.4382841Z 
2026-08-19T03:36:07.4383370Z Note: This linter can be disabled with `set_option linter.unreachableTactic false`
2026-08-19T03:36:07.4404514Z warning: A277223/PeriodicCrossing/SevenFamily.lean:200:4: 'skip' tactic does nothing
2026-08-19T03:36:07.4423905Z 
2026-08-19T03:36:07.4424541Z Note: This linter can be disabled with `set_option linter.unusedTactic false`
2026-08-19T03:36:07.4436783Z warning: A277223/PeriodicCrossing/SevenFamily.lean:200:4: this tactic is never executed
2026-08-19T03:36:07.4437961Z 
2026-08-19T03:36:07.4438553Z Note: This linter can be disabled with `set_option linter.unreachableTactic false`
2026-08-19T03:36:07.4440472Z ⚠ [3010/3015] Replayed A277223.PeriodicCrossing.ElevenFamily
2026-08-19T03:36:07.4447786Z warning: A277223/PeriodicCrossing/ElevenFamily.lean:62:44: 'ring' tactic does nothing
2026-08-19T03:36:07.4448921Z 
2026-08-19T03:36:07.4449477Z Note: This linter can be disabled with `set_option linter.unusedTactic false`
2026-08-19T03:36:07.4450920Z warning: A277223/PeriodicCrossing/ElevenFamily.lean:62:44: this tactic is never executed
2026-08-19T03:36:07.4452031Z 
2026-08-19T03:36:07.4452635Z Note: This linter can be disabled with `set_option linter.unreachableTactic false`
2026-08-19T03:36:07.4454317Z warning: A277223/PeriodicCrossing/ElevenFamily.lean:137:4: 'skip' tactic does nothing
2026-08-19T03:36:07.4455285Z 
2026-08-19T03:36:07.4455763Z Note: This linter can be disabled with `set_option linter.unusedTactic false`
2026-08-19T03:36:07.4457194Z warning: A277223/PeriodicCrossing/ElevenFamily.lean:137:4: this tactic is never executed
2026-08-19T03:36:07.4458268Z 
2026-08-19T03:36:07.4458847Z Note: This linter can be disabled with `set_option linter.unreachableTactic false`
2026-08-19T03:36:07.4460154Z warning: A277223/PeriodicCrossing/ElevenFamily.lean:202:4: 'skip' tactic does nothing
2026-08-19T03:36:07.4461119Z 
2026-08-19T03:36:07.4461615Z Note: This linter can be disabled with `set_option linter.unusedTactic false`
2026-08-19T03:36:07.4462913Z warning: A277223/PeriodicCrossing/ElevenFamily.lean:202:4: this tactic is never executed
2026-08-19T03:36:07.4463863Z 
2026-08-19T03:36:07.4464569Z Note: This linter can be disabled with `set_option linter.unreachableTactic false`
2026-08-19T03:36:10.2145162Z ✔ [3011/3015] Built A277223.CarryObstruction.Small (2.8s)
2026-08-19T03:36:11.4149507Z ✖ [3012/3015] Building A277223.Witnesses (3.0s)
2026-08-19T03:36:11.4159791Z trace: .> LEAN_PATH=/home/runner/work/A277223/A277223/.lake/packages/Cli/.lake/build/lib/lean:/home/runner/work/A277223/A277223/.lake/packages/batteries/.lake/build/lib/lean:/home/runner/work/A277223/A277223/.lake/packages/Qq/.lake/build/lib/lean:/home/runner/work/A277223/A277223/.lake/packages/aesop/.lake/build/lib/lean:/home/runner/work/A277223/A277223/.lake/packages/proofwidgets/.lake/build/lib/lean:/home/runner/work/A277223/A277223/.lake/packages/importGraph/.lake/build/lib/lean:/home/runner/work/A277223/A277223/.lake/packages/LeanSearchClient/.lake/build/lib/lean:/home/runner/work/A277223/A277223/.lake/packages/plausible/.lake/build/lib/lean:/home/runner/work/A277223/A277223/.lake/packages/mathlib/.lake/build/lib/lean:/home/runner/work/A277223/A277223/.lake/build/lib/lean /home/runner/.elan/toolchains/leanprover--lean4---v4.32.2/bin/lean /home/runner/work/A277223/A277223/A277223/Witnesses.lean -o /home/runner/work/A277223/A277223/.lake/build/lib/lean/A277223/Witnesses.olean -i /home/runner/work/A277223/A277223/.lake/build/lib/lean/A277223/Witnesses.ilean -c /home/runner/work/A277223/A277223/.lake/build/ir/A277223/Witnesses.c --setup /home/runner/work/A277223/A277223/.lake/build/ir/A277223/Witnesses.setup.json --json
2026-08-19T03:36:11.4169966Z error: build failed
2026-08-19T03:36:11.4170380Z warning: A277223/Witnesses.lean:78:27: try 'simp' instead of 'simpa'
2026-08-19T03:36:11.4170748Z 
2026-08-19T03:36:11.4171046Z Note: This linter can be disabled with `set_option linter.unnecessarySimpa false`
2026-08-19T03:36:11.4171799Z warning: A277223/Witnesses.lean:123:43: Used `tac1 <;> tac2` where `(tac1; tac2)` would suffice
2026-08-19T03:36:11.4172257Z 
2026-08-19T03:36:11.4172564Z Note: This linter can be disabled with `set_option linter.unnecessarySeqFocus false`
2026-08-19T03:36:11.4173158Z error: A277223/Witnesses.lean:130:69: unsolved goals
2026-08-19T03:36:11.4173841Z case «1»
2026-08-19T03:36:11.4174093Z q : ℕ
2026-08-19T03:36:11.4174328Z hqpos : 0 < 1
2026-08-19T03:36:11.4174603Z hq4 : 1 ≤ 4
2026-08-19T03:36:11.4174836Z hkpos : 0 < 9 * 1
2026-08-19T03:36:11.4175124Z hk36 : 9 * 1 ≤ 36
2026-08-19T03:36:11.4175451Z hk : (Nat.digitsAux 10 ⋯ 558).sum = 9
2026-08-19T03:36:11.4176063Z ⊢ False
2026-08-19T03:36:11.4176206Z 
2026-08-19T03:36:11.4176337Z case «2»
2026-08-19T03:36:11.4176568Z q : ℕ
2026-08-19T03:36:11.4176795Z hqpos : 0 < 2
2026-08-19T03:36:11.4177059Z hq4 : 2 ≤ 4
2026-08-19T03:36:11.4177292Z hkpos : 0 < 9 * 2
2026-08-19T03:36:11.4177575Z hk36 : 9 * 2 ≤ 36
2026-08-19T03:36:11.4177895Z hk : (Nat.digitsAux 10 ⋯ 1116).sum = 18
2026-08-19T03:36:11.4178247Z ⊢ False
2026-08-19T03:36:11.4178371Z 
2026-08-19T03:36:11.4178496Z case «3»
2026-08-19T03:36:11.4178729Z q : ℕ
2026-08-19T03:36:11.4178946Z hqpos : 0 < 3
2026-08-19T03:36:11.4179209Z hq4 : 3 ≤ 4
2026-08-19T03:36:11.4179436Z hkpos : 0 < 9 * 3
2026-08-19T03:36:11.4179712Z hk36 : 9 * 3 ≤ 36
2026-08-19T03:36:11.4180024Z hk : (Nat.digitsAux 10 ⋯ 1674).sum = 27
2026-08-19T03:36:11.4180370Z ⊢ False
2026-08-19T03:36:11.4180492Z 
2026-08-19T03:36:11.4180618Z case «4»
2026-08-19T03:36:11.4180845Z q : ℕ
2026-08-19T03:36:11.4181064Z hqpos : 0 < 4
2026-08-19T03:36:11.4181325Z hq4 : 4 ≤ 4
2026-08-19T03:36:11.4181552Z hkpos : 0 < 9 * 4
2026-08-19T03:36:11.4181851Z hk36 : 9 * 4 ≤ 36
2026-08-19T03:36:11.4182161Z hk : (Nat.digitsAux 10 ⋯ 2232).sum = 36
2026-08-19T03:36:11.4182504Z ⊢ False
2026-08-19T03:36:11.4182742Z error: Lean exited with code 1
2026-08-19T03:36:11.4183074Z Some required targets logged failures:
2026-08-19T03:36:11.4183409Z - A277223.Witnesses
2026-08-19T03:36:11.4650013Z ##[error] lake build failed
2026-08-19T03:36:11.4651919Z ##[error]Process completed with exit code 1.
2026-08-19T03:36:11.4660160Z ##[end-action id=__leanprover_lean-action.build;outcome=failure;conclusion=failure;duration_ms=5862]
2026-08-19T03:36:11.4665518Z ##[start-action display=Run actions/cache/save@v5;id=__leanprover_lean-action.__actions_cache_2]
2026-08-19T03:36:11.4670997Z ##[end-action id=__leanprover_lean-action.__actions_cache_2;outcome=skipped;conclusion=skipped;duration_ms=0]
2026-08-19T03:36:11.4675191Z ##[start-action display=test lightninnng/A277223;id=__leanprover_lean-action.test]
2026-08-19T03:36:11.4679173Z ##[end-action id=__leanprover_lean-action.test;outcome=skipped;conclusion=skipped;duration_ms=0]
2026-08-19T03:36:11.4681564Z ##[start-action display=lint lightninnng/A277223;id=__leanprover_lean-action.lint]
2026-08-19T03:36:11.4685387Z ##[end-action id=__leanprover_lean-action.lint;outcome=skipped;conclusion=skipped;duration_ms=0]
2026-08-19T03:36:11.4687556Z ##[start-action display=check reservoir eligibility;id=__leanprover_lean-action.__run_4]
2026-08-19T03:36:11.4689990Z ##[end-action id=__leanprover_lean-action.__run_4;outcome=skipped;conclusion=skipped;duration_ms=0]
2026-08-19T03:36:11.4692675Z ##[start-action display=check environment with leanchecker;id=__leanprover_lean-action.__run_5]
2026-08-19T03:36:11.4695661Z ##[end-action id=__leanprover_lean-action.__run_5;outcome=skipped;conclusion=skipped;duration_ms=0]
2026-08-19T03:36:11.4697849Z ##[start-action display=check environment with nanoda;id=__leanprover_lean-action.nanoda]
2026-08-19T03:36:11.4700111Z ##[end-action id=__leanprover_lean-action.nanoda;outcome=skipped;conclusion=skipped;duration_ms=0]
2026-08-19T03:36:11.4875413Z Node 20 is being deprecated. This workflow is running with Node 24 by default. If you need to temporarily use Node 20, you can set the ACTIONS_ALLOW_USE_UNSECURE_NODE_VERSION=true environment variable. For more information see: https://github.blog/changelog/2025-09-19-deprecation-of-node-20-on-github-actions-runners/
2026-08-19T03:36:11.4876703Z Post job cleanup.
2026-08-19T03:36:11.5946672Z [command]/usr/bin/git version
2026-08-19T03:36:11.6014263Z git version 2.54.0
2026-08-19T03:36:11.6075449Z Temporarily overriding HOME='/home/runner/work/_temp/8cc4bd24-2d10-4d2d-a0cc-7063e67b04de' before making global git config changes
2026-08-19T03:36:11.6127918Z Adding repository directory to the temporary git global config as a safe directory
2026-08-19T03:36:11.6142752Z [command]/usr/bin/git config --global --add safe.directory /home/runner/work/A277223/A277223
2026-08-19T03:36:11.6144925Z [command]/usr/bin/git config --local --name-only --get-regexp core\.sshCommand
2026-08-19T03:36:11.6198907Z [command]/usr/bin/git submodule foreach --recursive sh -c "git config --local --name-only --get-regexp 'core\.sshCommand' && git config --local --unset-all 'core.sshCommand' || :"
2026-08-19T03:36:11.6765063Z [command]/usr/bin/git config --local --name-only --get-regexp http\.https\:\/\/github\.com\/\.extraheader
2026-08-19T03:36:11.6817229Z http.https://github.com/.extraheader
2026-08-19T03:36:11.6865910Z [command]/usr/bin/git config --local --unset-all http.https://github.com/.extraheader
2026-08-19T03:36:11.6951678Z [command]/usr/bin/git submodule foreach --recursive sh -c "git config --local --name-only --get-regexp 'http\.https\:\/\/github\.com\/\.extraheader' && git config --local --unset-all 'http.https://github.com/.extraheader' || :"
2026-08-19T03:36:11.7243849Z [command]/usr/bin/git config --local --name-only --get-regexp ^includeIf\.gitdir:
2026-08-19T03:36:11.7309291Z [command]/usr/bin/git submodule foreach --recursive git config --local --show-origin --name-only --get-regexp remote.origin.url
2026-08-19T03:36:11.7812659Z Cleaning up orphan processes
2026-08-19T03:36:11.8251506Z ##[warning]Node.js 20 is deprecated. The following actions target Node.js 20 but are being forced to run on Node.js 24: actions/checkout@v4. For more information see: https://github.blog/changelog/2025-09-19-deprecation-of-node-20-on-github-actions-runners/
